TimeQuest Timing Analyzer report for mux8to1
Thu May 27 17:05:19 2021
Quartus II 64-Bit Version 13.0.1 Build 232 06/12/2013 Service Pack 1 SJ Web Edition


---------------------
; Table of Contents ;
---------------------
  1. Legal Notice
  2. TimeQuest Timing Analyzer Summary
  3. Parallel Compilation
  4. Clocks
  5. Slow Model Fmax Summary
  6. Slow Model Setup Summary
  7. Slow Model Hold Summary
  8. Slow Model Recovery Summary
  9. Slow Model Removal Summary
 10. Slow Model Minimum Pulse Width Summary
 11. Propagation Delay
 12. Minimum Propagation Delay
 13. Fast Model Setup Summary
 14. Fast Model Hold Summary
 15. Fast Model Recovery Summary
 16. Fast Model Removal Summary
 17. Fast Model Minimum Pulse Width Summary
 18. Propagation Delay
 19. Minimum Propagation Delay
 20. Multicorner Timing Analysis Summary
 21. Progagation Delay
 22. Minimum Progagation Delay
 23. Clock Transfers
 24. Report TCCS
 25. Report RSKM
 26. Unconstrained Paths
 27. TimeQuest Timing Analyzer Messages



----------------
; Legal Notice ;
----------------
Copyright (C) 1991-2013 Altera Corporation
Your use of Altera Corporation's design tools, logic functions 
and other software and tools, and its AMPP partner logic 
functions, and any output files from any of the foregoing 
(including device programming or simulation files), and any 
associated documentation or information are expressly subject 
to the terms and conditions of the Altera Program License 
Subscription Agreement, Altera MegaCore Function License 
Agreement, or other applicable license agreement, including, 
without limitation, that your use is for the sole purpose of 
programming logic devices manufactured by Altera and sold by 
Altera or its authorized distributors.  Please refer to the 
applicable agreement for further details.



+----------------------------------------------------------------------------------------+
; TimeQuest Timing Analyzer Summary                                                      ;
+--------------------+-------------------------------------------------------------------+
; Quartus II Version ; Version 13.0.1 Build 232 06/12/2013 Service Pack 1 SJ Web Edition ;
; Revision Name      ; mux8to1                                                           ;
; Device Family      ; Cyclone II                                                        ;
; Device Name        ; EP2C5AF256A7                                                      ;
; Timing Models      ; Final                                                             ;
; Delay Model        ; Combined                                                          ;
; Rise/Fall Delays   ; Unavailable                                                       ;
+--------------------+-------------------------------------------------------------------+


Parallel compilation was disabled, but you have multiple processors available. Enable parallel compilation to reduce compilation time.
+-------------------------------------+
; Parallel Compilation                ;
+----------------------------+--------+
; Processors                 ; Number ;
+----------------------------+--------+
; Number detected on machine ; 12     ;
; Maximum allowed            ; 1      ;
+----------------------------+--------+


----------
; Clocks ;
----------
No clocks to report.


---------------------------
; Slow Model Fmax Summary ;
---------------------------
No paths to report.


----------------------------
; Slow Model Setup Summary ;
----------------------------
No paths to report.


---------------------------
; Slow Model Hold Summary ;
---------------------------
No paths to report.


-------------------------------
; Slow Model Recovery Summary ;
-------------------------------
No paths to report.


------------------------------
; Slow Model Removal Summary ;
------------------------------
No paths to report.


------------------------------------------
; Slow Model Minimum Pulse Width Summary ;
------------------------------------------
No paths to report.


+--------------------------------------------------------------+
; Propagation Delay                                            ;
+------------+-------------+--------+--------+--------+--------+
; Input Port ; Output Port ; RR     ; RF     ; FR     ; FF     ;
+------------+-------------+--------+--------+--------+--------+
; choice[0]  ; output[0]   ; 7.314  ; 7.314  ; 7.314  ; 7.314  ;
; choice[0]  ; output[1]   ; 7.649  ; 7.649  ; 7.649  ; 7.649  ;
; choice[0]  ; output[2]   ; 7.718  ; 7.718  ; 7.718  ; 7.718  ;
; choice[0]  ; output[3]   ; 9.445  ; 9.445  ; 9.445  ; 9.445  ;
; choice[0]  ; output[4]   ; 8.548  ; 8.548  ; 8.548  ; 8.548  ;
; choice[0]  ; output[5]   ; 10.883 ; 10.883 ; 10.883 ; 10.883 ;
; choice[0]  ; output[6]   ; 8.302  ; 8.302  ; 8.302  ; 8.302  ;
; choice[0]  ; output[7]   ; 8.753  ; 8.753  ; 8.753  ; 8.753  ;
; choice[0]  ; output[8]   ; 11.838 ; 11.838 ; 11.838 ; 11.838 ;
; choice[0]  ; output[9]   ; 8.321  ; 8.321  ; 8.321  ; 8.321  ;
; choice[0]  ; output[10]  ; 9.636  ; 9.636  ; 9.636  ; 9.636  ;
; choice[0]  ; output[11]  ; 8.658  ; 8.658  ; 8.658  ; 8.658  ;
; choice[0]  ; output[12]  ; 9.090  ; 9.090  ; 9.090  ; 9.090  ;
; choice[0]  ; output[13]  ; 8.800  ; 8.800  ; 8.800  ; 8.800  ;
; choice[0]  ; output[14]  ; 8.664  ; 8.664  ; 8.664  ; 8.664  ;
; choice[0]  ; output[15]  ; 8.625  ; 8.625  ; 8.625  ; 8.625  ;
; choice[1]  ; output[0]   ; 7.329  ; 7.329  ; 7.329  ; 7.329  ;
; choice[1]  ; output[1]   ; 7.412  ; 7.412  ; 7.412  ; 7.412  ;
; choice[1]  ; output[2]   ; 7.845  ; 7.845  ; 7.845  ; 7.845  ;
; choice[1]  ; output[3]   ; 9.574  ; 9.574  ; 9.574  ; 9.574  ;
; choice[1]  ; output[4]   ; 8.031  ; 8.031  ; 8.031  ; 8.031  ;
; choice[1]  ; output[5]   ; 10.781 ; 10.781 ; 10.781 ; 10.781 ;
; choice[1]  ; output[6]   ; 7.943  ; 7.943  ; 7.943  ; 7.943  ;
; choice[1]  ; output[7]   ; 8.743  ; 8.743  ; 8.743  ; 8.743  ;
; choice[1]  ; output[8]   ; 11.619 ; 11.619 ; 11.619 ; 11.619 ;
; choice[1]  ; output[9]   ; 8.125  ; 8.125  ; 8.125  ; 8.125  ;
; choice[1]  ; output[10]  ; 9.450  ; 9.450  ; 9.450  ; 9.450  ;
; choice[1]  ; output[11]  ; 8.470  ; 8.470  ; 8.470  ; 8.470  ;
; choice[1]  ; output[12]  ; 9.087  ; 9.087  ; 9.087  ; 9.087  ;
; choice[1]  ; output[13]  ; 9.097  ; 9.097  ; 9.097  ; 9.097  ;
; choice[1]  ; output[14]  ; 8.494  ; 8.494  ; 8.494  ; 8.494  ;
; choice[1]  ; output[15]  ; 8.971  ; 8.971  ; 8.971  ; 8.971  ;
; choice[2]  ; output[0]   ; 11.189 ; 11.189 ; 11.189 ; 11.189 ;
; choice[2]  ; output[1]   ; 11.530 ; 11.530 ; 11.530 ; 11.530 ;
; choice[2]  ; output[2]   ; 11.560 ; 11.560 ; 11.560 ; 11.560 ;
; choice[2]  ; output[3]   ; 12.300 ; 12.300 ; 12.300 ; 12.300 ;
; choice[2]  ; output[4]   ; 11.971 ; 11.971 ; 11.971 ; 11.971 ;
; choice[2]  ; output[5]   ; 12.014 ; 12.014 ; 12.014 ; 12.014 ;
; choice[2]  ; output[6]   ; 11.710 ; 11.710 ; 11.710 ; 11.710 ;
; choice[2]  ; output[7]   ; 11.953 ; 11.953 ; 11.953 ; 11.953 ;
; choice[2]  ; output[8]   ; 13.130 ; 13.130 ; 13.130 ; 13.130 ;
; choice[2]  ; output[9]   ; 10.968 ; 10.968 ; 10.968 ; 10.968 ;
; choice[2]  ; output[10]  ; 11.950 ; 11.950 ; 11.950 ; 11.950 ;
; choice[2]  ; output[11]  ; 11.065 ; 11.065 ; 11.065 ; 11.065 ;
; choice[2]  ; output[12]  ; 11.903 ; 11.903 ; 11.903 ; 11.903 ;
; choice[2]  ; output[13]  ; 11.377 ; 11.377 ; 11.377 ; 11.377 ;
; choice[2]  ; output[14]  ; 10.764 ; 10.764 ; 10.764 ; 10.764 ;
; choice[2]  ; output[15]  ; 11.073 ; 11.073 ; 11.073 ; 11.073 ;
; in0[0]     ; output[0]   ; 11.730 ; 11.730 ; 11.730 ; 11.730 ;
; in0[1]     ; output[1]   ; 11.721 ; 11.721 ; 11.721 ; 11.721 ;
; in0[2]     ; output[2]   ; 11.976 ; 11.976 ; 11.976 ; 11.976 ;
; in0[3]     ; output[3]   ; 14.393 ; 14.393 ; 14.393 ; 14.393 ;
; in0[4]     ; output[4]   ; 12.499 ; 12.499 ; 12.499 ; 12.499 ;
; in0[5]     ; output[5]   ; 13.364 ; 13.364 ; 13.364 ; 13.364 ;
; in0[6]     ; output[6]   ; 12.163 ; 12.163 ; 12.163 ; 12.163 ;
; in0[7]     ; output[7]   ; 12.300 ; 12.300 ; 12.300 ; 12.300 ;
; in0[8]     ; output[8]   ; 14.442 ; 14.442 ; 14.442 ; 14.442 ;
; in0[9]     ; output[9]   ; 12.303 ; 12.303 ; 12.303 ; 12.303 ;
; in0[10]    ; output[10]  ; 13.341 ; 13.341 ; 13.341 ; 13.341 ;
; in0[11]    ; output[11]  ; 12.384 ; 12.384 ; 12.384 ; 12.384 ;
; in0[12]    ; output[12]  ; 12.820 ; 12.820 ; 12.820 ; 12.820 ;
; in0[13]    ; output[13]  ; 12.096 ; 12.096 ; 12.096 ; 12.096 ;
; in0[14]    ; output[14]  ; 12.257 ; 12.257 ; 12.257 ; 12.257 ;
; in0[15]    ; output[15]  ; 12.266 ; 12.266 ; 12.266 ; 12.266 ;
; in1[0]     ; output[0]   ; 11.574 ; 11.574 ; 11.574 ; 11.574 ;
; in1[1]     ; output[1]   ; 11.687 ; 11.687 ; 11.687 ; 11.687 ;
; in1[2]     ; output[2]   ; 12.335 ; 12.335 ; 12.335 ; 12.335 ;
; in1[3]     ; output[3]   ; 13.771 ; 13.771 ; 13.771 ; 13.771 ;
; in1[4]     ; output[4]   ; 12.134 ; 12.134 ; 12.134 ; 12.134 ;
; in1[5]     ; output[5]   ; 13.024 ; 13.024 ; 13.024 ; 13.024 ;
; in1[6]     ; output[6]   ; 12.613 ; 12.613 ; 12.613 ; 12.613 ;
; in1[7]     ; output[7]   ; 12.459 ; 12.459 ; 12.459 ; 12.459 ;
; in1[8]     ; output[8]   ; 15.077 ; 15.077 ; 15.077 ; 15.077 ;
; in1[9]     ; output[9]   ; 11.280 ; 11.280 ; 11.280 ; 11.280 ;
; in1[10]    ; output[10]  ; 12.526 ; 12.526 ; 12.526 ; 12.526 ;
; in1[11]    ; output[11]  ; 11.686 ; 11.686 ; 11.686 ; 11.686 ;
; in1[12]    ; output[12]  ; 13.123 ; 13.123 ; 13.123 ; 13.123 ;
; in1[13]    ; output[13]  ; 12.352 ; 12.352 ; 12.352 ; 12.352 ;
; in1[14]    ; output[14]  ; 11.279 ; 11.279 ; 11.279 ; 11.279 ;
; in1[15]    ; output[15]  ; 12.068 ; 12.068 ; 12.068 ; 12.068 ;
; in2[0]     ; output[0]   ; 11.210 ;        ;        ; 11.210 ;
; in2[1]     ; output[1]   ; 10.714 ;        ;        ; 10.714 ;
; in2[2]     ; output[2]   ; 11.105 ;        ;        ; 11.105 ;
; in2[3]     ; output[3]   ; 12.193 ;        ;        ; 12.193 ;
; in2[4]     ; output[4]   ; 11.313 ;        ;        ; 11.313 ;
; in2[5]     ; output[5]   ; 12.366 ;        ;        ; 12.366 ;
; in2[6]     ; output[6]   ; 11.784 ;        ;        ; 11.784 ;
; in2[7]     ; output[7]   ; 12.663 ;        ;        ; 12.663 ;
; in2[8]     ; output[8]   ; 14.914 ;        ;        ; 14.914 ;
; in2[9]     ; output[9]   ; 11.218 ;        ;        ; 11.218 ;
; in2[10]    ; output[10]  ; 11.322 ;        ;        ; 11.322 ;
; in2[11]    ; output[11]  ; 11.008 ;        ;        ; 11.008 ;
; in2[12]    ; output[12]  ; 12.405 ;        ;        ; 12.405 ;
; in2[13]    ; output[13]  ; 11.636 ;        ;        ; 11.636 ;
; in2[14]    ; output[14]  ; 6.378  ;        ;        ; 6.378  ;
; in2[15]    ; output[15]  ; 11.179 ;        ;        ; 11.179 ;
; in3[0]     ; output[0]   ; 11.110 ;        ;        ; 11.110 ;
; in3[1]     ; output[1]   ; 10.713 ;        ;        ; 10.713 ;
; in3[2]     ; output[2]   ; 11.111 ;        ;        ; 11.111 ;
; in3[3]     ; output[3]   ; 12.071 ;        ;        ; 12.071 ;
; in3[4]     ; output[4]   ; 11.656 ;        ;        ; 11.656 ;
; in3[5]     ; output[5]   ; 12.091 ;        ;        ; 12.091 ;
; in3[6]     ; output[6]   ; 12.374 ;        ;        ; 12.374 ;
; in3[7]     ; output[7]   ; 11.513 ;        ;        ; 11.513 ;
; in3[8]     ; output[8]   ; 14.260 ;        ;        ; 14.260 ;
; in3[9]     ; output[9]   ; 11.531 ;        ;        ; 11.531 ;
; in3[10]    ; output[10]  ; 11.490 ;        ;        ; 11.490 ;
; in3[11]    ; output[11]  ; 10.882 ;        ;        ; 10.882 ;
; in3[12]    ; output[12]  ; 12.270 ;        ;        ; 12.270 ;
; in3[13]    ; output[13]  ; 11.160 ;        ;        ; 11.160 ;
; in3[14]    ; output[14]  ; 11.177 ;        ;        ; 11.177 ;
; in3[15]    ; output[15]  ; 11.308 ;        ;        ; 11.308 ;
; in4[0]     ; output[0]   ; 7.049  ; 7.049  ; 7.049  ; 7.049  ;
; in4[1]     ; output[1]   ; 11.617 ; 11.617 ; 11.617 ; 11.617 ;
; in4[2]     ; output[2]   ; 12.475 ; 12.475 ; 12.475 ; 12.475 ;
; in4[3]     ; output[3]   ; 12.953 ; 12.953 ; 12.953 ; 12.953 ;
; in4[4]     ; output[4]   ; 11.884 ; 11.884 ; 11.884 ; 11.884 ;
; in4[5]     ; output[5]   ; 14.778 ; 14.778 ; 14.778 ; 14.778 ;
; in4[6]     ; output[6]   ; 12.024 ; 12.024 ; 12.024 ; 12.024 ;
; in4[7]     ; output[7]   ; 12.614 ; 12.614 ; 12.614 ; 12.614 ;
; in4[8]     ; output[8]   ; 14.459 ; 14.459 ; 14.459 ; 14.459 ;
; in4[9]     ; output[9]   ; 11.517 ; 11.517 ; 11.517 ; 11.517 ;
; in4[10]    ; output[10]  ; 12.280 ; 12.280 ; 12.280 ; 12.280 ;
; in4[11]    ; output[11]  ; 12.047 ; 12.047 ; 12.047 ; 12.047 ;
; in4[12]    ; output[12]  ; 12.920 ; 12.920 ; 12.920 ; 12.920 ;
; in4[13]    ; output[13]  ; 12.698 ; 12.698 ; 12.698 ; 12.698 ;
; in4[14]    ; output[14]  ; 7.264  ; 7.264  ; 7.264  ; 7.264  ;
; in4[15]    ; output[15]  ; 12.090 ; 12.090 ; 12.090 ; 12.090 ;
; in5[0]     ; output[0]   ; 10.395 ;        ;        ; 10.395 ;
; in5[1]     ; output[1]   ; 11.227 ;        ;        ; 11.227 ;
; in5[2]     ; output[2]   ; 10.853 ;        ;        ; 10.853 ;
; in5[3]     ; output[3]   ; 11.669 ;        ;        ; 11.669 ;
; in5[4]     ; output[4]   ; 11.325 ;        ;        ; 11.325 ;
; in5[5]     ; output[5]   ; 13.956 ;        ;        ; 13.956 ;
; in5[6]     ; output[6]   ; 11.605 ;        ;        ; 11.605 ;
; in5[7]     ; output[7]   ; 12.768 ;        ;        ; 12.768 ;
; in5[8]     ; output[8]   ; 13.617 ;        ;        ; 13.617 ;
; in5[9]     ; output[9]   ; 11.181 ;        ;        ; 11.181 ;
; in5[10]    ; output[10]  ; 11.155 ;        ;        ; 11.155 ;
; in5[11]    ; output[11]  ; 11.643 ;        ;        ; 11.643 ;
; in5[12]    ; output[12]  ; 11.585 ;        ;        ; 11.585 ;
; in5[13]    ; output[13]  ; 11.617 ;        ;        ; 11.617 ;
; in5[14]    ; output[14]  ; 10.374 ;        ;        ; 10.374 ;
; in5[15]    ; output[15]  ; 11.527 ;        ;        ; 11.527 ;
; in6[0]     ; output[0]   ; 6.714  ; 6.714  ; 6.714  ; 6.714  ;
; in6[1]     ; output[1]   ; 11.965 ; 11.965 ; 11.965 ; 11.965 ;
; in6[2]     ; output[2]   ; 12.337 ; 12.337 ; 12.337 ; 12.337 ;
; in6[3]     ; output[3]   ; 12.707 ; 12.707 ; 12.707 ; 12.707 ;
; in6[4]     ; output[4]   ; 11.801 ; 11.801 ; 11.801 ; 11.801 ;
; in6[5]     ; output[5]   ; 15.445 ; 15.445 ; 15.445 ; 15.445 ;
; in6[6]     ; output[6]   ; 11.267 ; 11.267 ; 11.267 ; 11.267 ;
; in6[7]     ; output[7]   ; 12.778 ; 12.778 ; 12.778 ; 12.778 ;
; in6[8]     ; output[8]   ; 13.911 ; 13.911 ; 13.911 ; 13.911 ;
; in6[9]     ; output[9]   ; 11.902 ; 11.902 ; 11.902 ; 11.902 ;
; in6[10]    ; output[10]  ; 11.855 ; 11.855 ; 11.855 ; 11.855 ;
; in6[11]    ; output[11]  ; 11.800 ; 11.800 ; 11.800 ; 11.800 ;
; in6[12]    ; output[12]  ; 12.516 ; 12.516 ; 12.516 ; 12.516 ;
; in6[13]    ; output[13]  ; 11.688 ; 11.688 ; 11.688 ; 11.688 ;
; in6[14]    ; output[14]  ; 7.692  ; 7.692  ; 7.692  ; 7.692  ;
; in6[15]    ; output[15]  ; 12.454 ; 12.454 ; 12.454 ; 12.454 ;
; in7[0]     ; output[0]   ; 10.762 ;        ;        ; 10.762 ;
; in7[1]     ; output[1]   ; 11.550 ;        ;        ; 11.550 ;
; in7[2]     ; output[2]   ; 11.379 ;        ;        ; 11.379 ;
; in7[3]     ; output[3]   ; 11.337 ;        ;        ; 11.337 ;
; in7[4]     ; output[4]   ; 11.260 ;        ;        ; 11.260 ;
; in7[5]     ; output[5]   ; 13.932 ;        ;        ; 13.932 ;
; in7[6]     ; output[6]   ; 11.487 ;        ;        ; 11.487 ;
; in7[7]     ; output[7]   ; 12.191 ;        ;        ; 12.191 ;
; in7[8]     ; output[8]   ; 12.737 ;        ;        ; 12.737 ;
; in7[9]     ; output[9]   ; 11.386 ;        ;        ; 11.386 ;
; in7[10]    ; output[10]  ; 11.965 ;        ;        ; 11.965 ;
; in7[11]    ; output[11]  ; 11.502 ;        ;        ; 11.502 ;
; in7[12]    ; output[12]  ; 11.947 ;        ;        ; 11.947 ;
; in7[13]    ; output[13]  ; 12.225 ;        ;        ; 12.225 ;
; in7[14]    ; output[14]  ; 6.172  ;        ;        ; 6.172  ;
; in7[15]    ; output[15]  ; 11.115 ;        ;        ; 11.115 ;
+------------+-------------+--------+--------+--------+--------+


+--------------------------------------------------------------+
; Minimum Propagation Delay                                    ;
+------------+-------------+--------+--------+--------+--------+
; Input Port ; Output Port ; RR     ; RF     ; FR     ; FF     ;
+------------+-------------+--------+--------+--------+--------+
; choice[0]  ; output[0]   ; 6.462  ; 6.462  ; 6.462  ; 6.462  ;
; choice[0]  ; output[1]   ; 7.162  ; 7.162  ; 7.162  ; 7.162  ;
; choice[0]  ; output[2]   ; 6.823  ; 6.823  ; 6.823  ; 6.823  ;
; choice[0]  ; output[3]   ; 8.354  ; 8.354  ; 8.354  ; 8.354  ;
; choice[0]  ; output[4]   ; 7.085  ; 7.085  ; 7.085  ; 7.085  ;
; choice[0]  ; output[5]   ; 9.207  ; 9.207  ; 9.207  ; 9.207  ;
; choice[0]  ; output[6]   ; 7.611  ; 7.611  ; 7.611  ; 7.611  ;
; choice[0]  ; output[7]   ; 8.247  ; 8.247  ; 8.247  ; 8.247  ;
; choice[0]  ; output[8]   ; 9.629  ; 9.629  ; 9.629  ; 9.629  ;
; choice[0]  ; output[9]   ; 7.187  ; 7.187  ; 7.187  ; 7.187  ;
; choice[0]  ; output[10]  ; 8.321  ; 8.321  ; 8.321  ; 8.321  ;
; choice[0]  ; output[11]  ; 8.128  ; 8.128  ; 8.128  ; 8.128  ;
; choice[0]  ; output[12]  ; 7.985  ; 7.985  ; 7.985  ; 7.985  ;
; choice[0]  ; output[13]  ; 8.012  ; 8.012  ; 8.012  ; 8.012  ;
; choice[0]  ; output[14]  ; 7.415  ; 7.415  ; 7.415  ; 7.415  ;
; choice[0]  ; output[15]  ; 8.128  ; 8.128  ; 8.128  ; 8.128  ;
; choice[1]  ; output[0]   ; 6.594  ; 6.594  ; 6.594  ; 6.594  ;
; choice[1]  ; output[1]   ; 6.823  ; 6.823  ; 6.823  ; 6.823  ;
; choice[1]  ; output[2]   ; 6.612  ; 6.612  ; 6.612  ; 6.612  ;
; choice[1]  ; output[3]   ; 7.878  ; 7.878  ; 7.878  ; 7.878  ;
; choice[1]  ; output[4]   ; 7.134  ; 7.134  ; 7.134  ; 7.134  ;
; choice[1]  ; output[5]   ; 8.294  ; 8.294  ; 8.294  ; 8.294  ;
; choice[1]  ; output[6]   ; 7.235  ; 7.235  ; 7.235  ; 7.235  ;
; choice[1]  ; output[7]   ; 8.033  ; 8.033  ; 8.033  ; 8.033  ;
; choice[1]  ; output[8]   ; 10.308 ; 10.308 ; 10.308 ; 10.308 ;
; choice[1]  ; output[9]   ; 7.631  ; 7.631  ; 7.631  ; 7.631  ;
; choice[1]  ; output[10]  ; 8.201  ; 8.201  ; 8.201  ; 8.201  ;
; choice[1]  ; output[11]  ; 7.782  ; 7.782  ; 7.782  ; 7.782  ;
; choice[1]  ; output[12]  ; 8.191  ; 8.191  ; 8.191  ; 8.191  ;
; choice[1]  ; output[13]  ; 7.994  ; 7.994  ; 7.994  ; 7.994  ;
; choice[1]  ; output[14]  ; 7.605  ; 7.605  ; 7.605  ; 7.605  ;
; choice[1]  ; output[15]  ; 8.107  ; 8.107  ; 8.107  ; 8.107  ;
; choice[2]  ; output[0]   ; 11.189 ; 11.189 ; 11.189 ; 11.189 ;
; choice[2]  ; output[1]   ; 11.530 ; 11.530 ; 11.530 ; 11.530 ;
; choice[2]  ; output[2]   ; 11.560 ; 11.560 ; 11.560 ; 11.560 ;
; choice[2]  ; output[3]   ; 12.300 ; 12.300 ; 12.300 ; 12.300 ;
; choice[2]  ; output[4]   ; 11.971 ; 11.971 ; 11.971 ; 11.971 ;
; choice[2]  ; output[5]   ; 12.014 ; 12.014 ; 12.014 ; 12.014 ;
; choice[2]  ; output[6]   ; 11.710 ; 11.710 ; 11.710 ; 11.710 ;
; choice[2]  ; output[7]   ; 11.953 ; 11.953 ; 11.953 ; 11.953 ;
; choice[2]  ; output[8]   ; 13.130 ; 13.130 ; 13.130 ; 13.130 ;
; choice[2]  ; output[9]   ; 10.968 ; 10.968 ; 10.968 ; 10.968 ;
; choice[2]  ; output[10]  ; 11.950 ; 11.950 ; 11.950 ; 11.950 ;
; choice[2]  ; output[11]  ; 11.065 ; 11.065 ; 11.065 ; 11.065 ;
; choice[2]  ; output[12]  ; 11.903 ; 11.903 ; 11.903 ; 11.903 ;
; choice[2]  ; output[13]  ; 11.377 ; 11.377 ; 11.377 ; 11.377 ;
; choice[2]  ; output[14]  ; 10.764 ; 10.764 ; 10.764 ; 10.764 ;
; choice[2]  ; output[15]  ; 11.073 ; 11.073 ; 11.073 ; 11.073 ;
; in0[0]     ; output[0]   ; 11.730 ; 11.730 ; 11.730 ; 11.730 ;
; in0[1]     ; output[1]   ; 11.721 ; 11.721 ; 11.721 ; 11.721 ;
; in0[2]     ; output[2]   ; 11.976 ; 11.976 ; 11.976 ; 11.976 ;
; in0[3]     ; output[3]   ; 14.393 ; 14.393 ; 14.393 ; 14.393 ;
; in0[4]     ; output[4]   ; 12.499 ; 12.499 ; 12.499 ; 12.499 ;
; in0[5]     ; output[5]   ; 13.364 ; 13.364 ; 13.364 ; 13.364 ;
; in0[6]     ; output[6]   ; 12.163 ; 12.163 ; 12.163 ; 12.163 ;
; in0[7]     ; output[7]   ; 12.300 ; 12.300 ; 12.300 ; 12.300 ;
; in0[8]     ; output[8]   ; 14.442 ; 14.442 ; 14.442 ; 14.442 ;
; in0[9]     ; output[9]   ; 12.303 ; 12.303 ; 12.303 ; 12.303 ;
; in0[10]    ; output[10]  ; 13.341 ; 13.341 ; 13.341 ; 13.341 ;
; in0[11]    ; output[11]  ; 12.384 ; 12.384 ; 12.384 ; 12.384 ;
; in0[12]    ; output[12]  ; 12.820 ; 12.820 ; 12.820 ; 12.820 ;
; in0[13]    ; output[13]  ; 12.096 ; 12.096 ; 12.096 ; 12.096 ;
; in0[14]    ; output[14]  ; 12.257 ; 12.257 ; 12.257 ; 12.257 ;
; in0[15]    ; output[15]  ; 12.266 ; 12.266 ; 12.266 ; 12.266 ;
; in1[0]     ; output[0]   ; 11.574 ; 11.574 ; 11.574 ; 11.574 ;
; in1[1]     ; output[1]   ; 11.687 ; 11.687 ; 11.687 ; 11.687 ;
; in1[2]     ; output[2]   ; 12.335 ; 12.335 ; 12.335 ; 12.335 ;
; in1[3]     ; output[3]   ; 13.771 ; 13.771 ; 13.771 ; 13.771 ;
; in1[4]     ; output[4]   ; 12.134 ; 12.134 ; 12.134 ; 12.134 ;
; in1[5]     ; output[5]   ; 13.024 ; 13.024 ; 13.024 ; 13.024 ;
; in1[6]     ; output[6]   ; 12.613 ; 12.613 ; 12.613 ; 12.613 ;
; in1[7]     ; output[7]   ; 12.459 ; 12.459 ; 12.459 ; 12.459 ;
; in1[8]     ; output[8]   ; 15.077 ; 15.077 ; 15.077 ; 15.077 ;
; in1[9]     ; output[9]   ; 11.280 ; 11.280 ; 11.280 ; 11.280 ;
; in1[10]    ; output[10]  ; 12.526 ; 12.526 ; 12.526 ; 12.526 ;
; in1[11]    ; output[11]  ; 11.686 ; 11.686 ; 11.686 ; 11.686 ;
; in1[12]    ; output[12]  ; 13.123 ; 13.123 ; 13.123 ; 13.123 ;
; in1[13]    ; output[13]  ; 12.352 ; 12.352 ; 12.352 ; 12.352 ;
; in1[14]    ; output[14]  ; 11.279 ; 11.279 ; 11.279 ; 11.279 ;
; in1[15]    ; output[15]  ; 12.068 ; 12.068 ; 12.068 ; 12.068 ;
; in2[0]     ; output[0]   ; 11.210 ;        ;        ; 11.210 ;
; in2[1]     ; output[1]   ; 10.714 ;        ;        ; 10.714 ;
; in2[2]     ; output[2]   ; 11.105 ;        ;        ; 11.105 ;
; in2[3]     ; output[3]   ; 12.193 ;        ;        ; 12.193 ;
; in2[4]     ; output[4]   ; 11.313 ;        ;        ; 11.313 ;
; in2[5]     ; output[5]   ; 12.366 ;        ;        ; 12.366 ;
; in2[6]     ; output[6]   ; 11.784 ;        ;        ; 11.784 ;
; in2[7]     ; output[7]   ; 12.663 ;        ;        ; 12.663 ;
; in2[8]     ; output[8]   ; 14.914 ;        ;        ; 14.914 ;
; in2[9]     ; output[9]   ; 11.218 ;        ;        ; 11.218 ;
; in2[10]    ; output[10]  ; 11.322 ;        ;        ; 11.322 ;
; in2[11]    ; output[11]  ; 11.008 ;        ;        ; 11.008 ;
; in2[12]    ; output[12]  ; 12.405 ;        ;        ; 12.405 ;
; in2[13]    ; output[13]  ; 11.636 ;        ;        ; 11.636 ;
; in2[14]    ; output[14]  ; 6.378  ;        ;        ; 6.378  ;
; in2[15]    ; output[15]  ; 11.179 ;        ;        ; 11.179 ;
; in3[0]     ; output[0]   ; 11.110 ;        ;        ; 11.110 ;
; in3[1]     ; output[1]   ; 10.713 ;        ;        ; 10.713 ;
; in3[2]     ; output[2]   ; 11.111 ;        ;        ; 11.111 ;
; in3[3]     ; output[3]   ; 12.071 ;        ;        ; 12.071 ;
; in3[4]     ; output[4]   ; 11.656 ;        ;        ; 11.656 ;
; in3[5]     ; output[5]   ; 12.091 ;        ;        ; 12.091 ;
; in3[6]     ; output[6]   ; 12.374 ;        ;        ; 12.374 ;
; in3[7]     ; output[7]   ; 11.513 ;        ;        ; 11.513 ;
; in3[8]     ; output[8]   ; 14.260 ;        ;        ; 14.260 ;
; in3[9]     ; output[9]   ; 11.531 ;        ;        ; 11.531 ;
; in3[10]    ; output[10]  ; 11.490 ;        ;        ; 11.490 ;
; in3[11]    ; output[11]  ; 10.882 ;        ;        ; 10.882 ;
; in3[12]    ; output[12]  ; 12.270 ;        ;        ; 12.270 ;
; in3[13]    ; output[13]  ; 11.160 ;        ;        ; 11.160 ;
; in3[14]    ; output[14]  ; 11.177 ;        ;        ; 11.177 ;
; in3[15]    ; output[15]  ; 11.308 ;        ;        ; 11.308 ;
; in4[0]     ; output[0]   ; 7.049  ; 7.049  ; 7.049  ; 7.049  ;
; in4[1]     ; output[1]   ; 11.617 ; 11.617 ; 11.617 ; 11.617 ;
; in4[2]     ; output[2]   ; 12.475 ; 12.475 ; 12.475 ; 12.475 ;
; in4[3]     ; output[3]   ; 12.953 ; 12.953 ; 12.953 ; 12.953 ;
; in4[4]     ; output[4]   ; 11.884 ; 11.884 ; 11.884 ; 11.884 ;
; in4[5]     ; output[5]   ; 14.778 ; 14.778 ; 14.778 ; 14.778 ;
; in4[6]     ; output[6]   ; 12.024 ; 12.024 ; 12.024 ; 12.024 ;
; in4[7]     ; output[7]   ; 12.614 ; 12.614 ; 12.614 ; 12.614 ;
; in4[8]     ; output[8]   ; 14.459 ; 14.459 ; 14.459 ; 14.459 ;
; in4[9]     ; output[9]   ; 11.517 ; 11.517 ; 11.517 ; 11.517 ;
; in4[10]    ; output[10]  ; 12.280 ; 12.280 ; 12.280 ; 12.280 ;
; in4[11]    ; output[11]  ; 12.047 ; 12.047 ; 12.047 ; 12.047 ;
; in4[12]    ; output[12]  ; 12.920 ; 12.920 ; 12.920 ; 12.920 ;
; in4[13]    ; output[13]  ; 12.698 ; 12.698 ; 12.698 ; 12.698 ;
; in4[14]    ; output[14]  ; 7.264  ; 7.264  ; 7.264  ; 7.264  ;
; in4[15]    ; output[15]  ; 12.090 ; 12.090 ; 12.090 ; 12.090 ;
; in5[0]     ; output[0]   ; 10.395 ;        ;        ; 10.395 ;
; in5[1]     ; output[1]   ; 11.227 ;        ;        ; 11.227 ;
; in5[2]     ; output[2]   ; 10.853 ;        ;        ; 10.853 ;
; in5[3]     ; output[3]   ; 11.669 ;        ;        ; 11.669 ;
; in5[4]     ; output[4]   ; 11.325 ;        ;        ; 11.325 ;
; in5[5]     ; output[5]   ; 13.956 ;        ;        ; 13.956 ;
; in5[6]     ; output[6]   ; 11.605 ;        ;        ; 11.605 ;
; in5[7]     ; output[7]   ; 12.768 ;        ;        ; 12.768 ;
; in5[8]     ; output[8]   ; 13.617 ;        ;        ; 13.617 ;
; in5[9]     ; output[9]   ; 11.181 ;        ;        ; 11.181 ;
; in5[10]    ; output[10]  ; 11.155 ;        ;        ; 11.155 ;
; in5[11]    ; output[11]  ; 11.643 ;        ;        ; 11.643 ;
; in5[12]    ; output[12]  ; 11.585 ;        ;        ; 11.585 ;
; in5[13]    ; output[13]  ; 11.617 ;        ;        ; 11.617 ;
; in5[14]    ; output[14]  ; 10.374 ;        ;        ; 10.374 ;
; in5[15]    ; output[15]  ; 11.527 ;        ;        ; 11.527 ;
; in6[0]     ; output[0]   ; 6.714  ; 6.714  ; 6.714  ; 6.714  ;
; in6[1]     ; output[1]   ; 11.965 ; 11.965 ; 11.965 ; 11.965 ;
; in6[2]     ; output[2]   ; 12.337 ; 12.337 ; 12.337 ; 12.337 ;
; in6[3]     ; output[3]   ; 12.707 ; 12.707 ; 12.707 ; 12.707 ;
; in6[4]     ; output[4]   ; 11.801 ; 11.801 ; 11.801 ; 11.801 ;
; in6[5]     ; output[5]   ; 15.445 ; 15.445 ; 15.445 ; 15.445 ;
; in6[6]     ; output[6]   ; 11.267 ; 11.267 ; 11.267 ; 11.267 ;
; in6[7]     ; output[7]   ; 12.778 ; 12.778 ; 12.778 ; 12.778 ;
; in6[8]     ; output[8]   ; 13.911 ; 13.911 ; 13.911 ; 13.911 ;
; in6[9]     ; output[9]   ; 11.902 ; 11.902 ; 11.902 ; 11.902 ;
; in6[10]    ; output[10]  ; 11.855 ; 11.855 ; 11.855 ; 11.855 ;
; in6[11]    ; output[11]  ; 11.800 ; 11.800 ; 11.800 ; 11.800 ;
; in6[12]    ; output[12]  ; 12.516 ; 12.516 ; 12.516 ; 12.516 ;
; in6[13]    ; output[13]  ; 11.688 ; 11.688 ; 11.688 ; 11.688 ;
; in6[14]    ; output[14]  ; 7.692  ; 7.692  ; 7.692  ; 7.692  ;
; in6[15]    ; output[15]  ; 12.454 ; 12.454 ; 12.454 ; 12.454 ;
; in7[0]     ; output[0]   ; 10.762 ;        ;        ; 10.762 ;
; in7[1]     ; output[1]   ; 11.550 ;        ;        ; 11.550 ;
; in7[2]     ; output[2]   ; 11.379 ;        ;        ; 11.379 ;
; in7[3]     ; output[3]   ; 11.337 ;        ;        ; 11.337 ;
; in7[4]     ; output[4]   ; 11.260 ;        ;        ; 11.260 ;
; in7[5]     ; output[5]   ; 13.932 ;        ;        ; 13.932 ;
; in7[6]     ; output[6]   ; 11.487 ;        ;        ; 11.487 ;
; in7[7]     ; output[7]   ; 12.191 ;        ;        ; 12.191 ;
; in7[8]     ; output[8]   ; 12.737 ;        ;        ; 12.737 ;
; in7[9]     ; output[9]   ; 11.386 ;        ;        ; 11.386 ;
; in7[10]    ; output[10]  ; 11.965 ;        ;        ; 11.965 ;
; in7[11]    ; output[11]  ; 11.502 ;        ;        ; 11.502 ;
; in7[12]    ; output[12]  ; 11.947 ;        ;        ; 11.947 ;
; in7[13]    ; output[13]  ; 12.225 ;        ;        ; 12.225 ;
; in7[14]    ; output[14]  ; 6.172  ;        ;        ; 6.172  ;
; in7[15]    ; output[15]  ; 11.115 ;        ;        ; 11.115 ;
+------------+-------------+--------+--------+--------+--------+


----------------------------
; Fast Model Setup Summary ;
----------------------------
No paths to report.


---------------------------
; Fast Model Hold Summary ;
---------------------------
No paths to report.


-------------------------------
; Fast Model Recovery Summary ;
-------------------------------
No paths to report.


------------------------------
; Fast Model Removal Summary ;
------------------------------
No paths to report.


------------------------------------------
; Fast Model Minimum Pulse Width Summary ;
------------------------------------------
No paths to report.


+----------------------------------------------------------+
; Propagation Delay                                        ;
+------------+-------------+-------+-------+-------+-------+
; Input Port ; Output Port ; RR    ; RF    ; FR    ; FF    ;
+------------+-------------+-------+-------+-------+-------+
; choice[0]  ; output[0]   ; 2.996 ; 2.996 ; 2.996 ; 2.996 ;
; choice[0]  ; output[1]   ; 3.110 ; 3.110 ; 3.110 ; 3.110 ;
; choice[0]  ; output[2]   ; 3.143 ; 3.143 ; 3.143 ; 3.143 ;
; choice[0]  ; output[3]   ; 3.834 ; 3.834 ; 3.834 ; 3.834 ;
; choice[0]  ; output[4]   ; 3.478 ; 3.478 ; 3.478 ; 3.478 ;
; choice[0]  ; output[5]   ; 4.416 ; 4.416 ; 4.416 ; 4.416 ;
; choice[0]  ; output[6]   ; 3.439 ; 3.439 ; 3.439 ; 3.439 ;
; choice[0]  ; output[7]   ; 3.678 ; 3.678 ; 3.678 ; 3.678 ;
; choice[0]  ; output[8]   ; 4.865 ; 4.865 ; 4.865 ; 4.865 ;
; choice[0]  ; output[9]   ; 3.399 ; 3.399 ; 3.399 ; 3.399 ;
; choice[0]  ; output[10]  ; 3.981 ; 3.981 ; 3.981 ; 3.981 ;
; choice[0]  ; output[11]  ; 3.527 ; 3.527 ; 3.527 ; 3.527 ;
; choice[0]  ; output[12]  ; 3.769 ; 3.769 ; 3.769 ; 3.769 ;
; choice[0]  ; output[13]  ; 3.628 ; 3.628 ; 3.628 ; 3.628 ;
; choice[0]  ; output[14]  ; 3.523 ; 3.523 ; 3.523 ; 3.523 ;
; choice[0]  ; output[15]  ; 3.519 ; 3.519 ; 3.519 ; 3.519 ;
; choice[1]  ; output[0]   ; 2.999 ; 2.999 ; 2.999 ; 2.999 ;
; choice[1]  ; output[1]   ; 3.033 ; 3.033 ; 3.033 ; 3.033 ;
; choice[1]  ; output[2]   ; 3.188 ; 3.188 ; 3.188 ; 3.188 ;
; choice[1]  ; output[3]   ; 3.876 ; 3.876 ; 3.876 ; 3.876 ;
; choice[1]  ; output[4]   ; 3.305 ; 3.305 ; 3.305 ; 3.305 ;
; choice[1]  ; output[5]   ; 4.381 ; 4.381 ; 4.381 ; 4.381 ;
; choice[1]  ; output[6]   ; 3.317 ; 3.317 ; 3.317 ; 3.317 ;
; choice[1]  ; output[7]   ; 3.695 ; 3.695 ; 3.695 ; 3.695 ;
; choice[1]  ; output[8]   ; 4.801 ; 4.801 ; 4.801 ; 4.801 ;
; choice[1]  ; output[9]   ; 3.356 ; 3.356 ; 3.356 ; 3.356 ;
; choice[1]  ; output[10]  ; 3.921 ; 3.921 ; 3.921 ; 3.921 ;
; choice[1]  ; output[11]  ; 3.466 ; 3.466 ; 3.466 ; 3.466 ;
; choice[1]  ; output[12]  ; 3.792 ; 3.792 ; 3.792 ; 3.792 ;
; choice[1]  ; output[13]  ; 3.736 ; 3.736 ; 3.736 ; 3.736 ;
; choice[1]  ; output[14]  ; 3.476 ; 3.476 ; 3.476 ; 3.476 ;
; choice[1]  ; output[15]  ; 3.642 ; 3.642 ; 3.642 ; 3.642 ;
; choice[2]  ; output[0]   ; 5.243 ; 5.243 ; 5.243 ; 5.243 ;
; choice[2]  ; output[1]   ; 5.359 ; 5.359 ; 5.359 ; 5.359 ;
; choice[2]  ; output[2]   ; 5.382 ; 5.382 ; 5.382 ; 5.382 ;
; choice[2]  ; output[3]   ; 5.744 ; 5.744 ; 5.744 ; 5.744 ;
; choice[2]  ; output[4]   ; 5.578 ; 5.578 ; 5.578 ; 5.578 ;
; choice[2]  ; output[5]   ; 5.650 ; 5.650 ; 5.650 ; 5.650 ;
; choice[2]  ; output[6]   ; 5.526 ; 5.526 ; 5.526 ; 5.526 ;
; choice[2]  ; output[7]   ; 5.663 ; 5.663 ; 5.663 ; 5.663 ;
; choice[2]  ; output[8]   ; 6.154 ; 6.154 ; 6.154 ; 6.154 ;
; choice[2]  ; output[9]   ; 5.146 ; 5.146 ; 5.146 ; 5.146 ;
; choice[2]  ; output[10]  ; 5.541 ; 5.541 ; 5.541 ; 5.541 ;
; choice[2]  ; output[11]  ; 5.119 ; 5.119 ; 5.119 ; 5.119 ;
; choice[2]  ; output[12]  ; 5.647 ; 5.647 ; 5.647 ; 5.647 ;
; choice[2]  ; output[13]  ; 5.340 ; 5.340 ; 5.340 ; 5.340 ;
; choice[2]  ; output[14]  ; 5.034 ; 5.034 ; 5.034 ; 5.034 ;
; choice[2]  ; output[15]  ; 5.133 ; 5.133 ; 5.133 ; 5.133 ;
; in0[0]     ; output[0]   ; 5.309 ; 5.309 ; 5.309 ; 5.309 ;
; in0[1]     ; output[1]   ; 5.329 ; 5.329 ; 5.329 ; 5.329 ;
; in0[2]     ; output[2]   ; 5.402 ; 5.402 ; 5.402 ; 5.402 ;
; in0[3]     ; output[3]   ; 6.312 ; 6.312 ; 6.312 ; 6.312 ;
; in0[4]     ; output[4]   ; 5.572 ; 5.572 ; 5.572 ; 5.572 ;
; in0[5]     ; output[5]   ; 5.973 ; 5.973 ; 5.973 ; 5.973 ;
; in0[6]     ; output[6]   ; 5.508 ; 5.508 ; 5.508 ; 5.508 ;
; in0[7]     ; output[7]   ; 5.656 ; 5.656 ; 5.656 ; 5.656 ;
; in0[8]     ; output[8]   ; 6.512 ; 6.512 ; 6.512 ; 6.512 ;
; in0[9]     ; output[9]   ; 5.513 ; 5.513 ; 5.513 ; 5.513 ;
; in0[10]    ; output[10]  ; 5.960 ; 5.960 ; 5.960 ; 5.960 ;
; in0[11]    ; output[11]  ; 5.524 ; 5.524 ; 5.524 ; 5.524 ;
; in0[12]    ; output[12]  ; 5.845 ; 5.845 ; 5.845 ; 5.845 ;
; in0[13]    ; output[13]  ; 5.512 ; 5.512 ; 5.512 ; 5.512 ;
; in0[14]    ; output[14]  ; 5.488 ; 5.488 ; 5.488 ; 5.488 ;
; in0[15]    ; output[15]  ; 5.478 ; 5.478 ; 5.478 ; 5.478 ;
; in1[0]     ; output[0]   ; 5.256 ; 5.256 ; 5.256 ; 5.256 ;
; in1[1]     ; output[1]   ; 5.302 ; 5.302 ; 5.302 ; 5.302 ;
; in1[2]     ; output[2]   ; 5.601 ; 5.601 ; 5.601 ; 5.601 ;
; in1[3]     ; output[3]   ; 6.107 ; 6.107 ; 6.107 ; 6.107 ;
; in1[4]     ; output[4]   ; 5.442 ; 5.442 ; 5.442 ; 5.442 ;
; in1[5]     ; output[5]   ; 5.884 ; 5.884 ; 5.884 ; 5.884 ;
; in1[6]     ; output[6]   ; 5.644 ; 5.644 ; 5.644 ; 5.644 ;
; in1[7]     ; output[7]   ; 5.766 ; 5.766 ; 5.766 ; 5.766 ;
; in1[8]     ; output[8]   ; 6.719 ; 6.719 ; 6.719 ; 6.719 ;
; in1[9]     ; output[9]   ; 5.175 ; 5.175 ; 5.175 ; 5.175 ;
; in1[10]    ; output[10]  ; 5.707 ; 5.707 ; 5.707 ; 5.707 ;
; in1[11]    ; output[11]  ; 5.295 ; 5.295 ; 5.295 ; 5.295 ;
; in1[12]    ; output[12]  ; 5.899 ; 5.899 ; 5.899 ; 5.899 ;
; in1[13]    ; output[13]  ; 5.587 ; 5.587 ; 5.587 ; 5.587 ;
; in1[14]    ; output[14]  ; 5.155 ; 5.155 ; 5.155 ; 5.155 ;
; in1[15]    ; output[15]  ; 5.428 ; 5.428 ; 5.428 ; 5.428 ;
; in2[0]     ; output[0]   ; 5.157 ;       ;       ; 5.157 ;
; in2[1]     ; output[1]   ; 4.982 ;       ;       ; 4.982 ;
; in2[2]     ; output[2]   ; 5.138 ;       ;       ; 5.138 ;
; in2[3]     ; output[3]   ; 5.520 ;       ;       ; 5.520 ;
; in2[4]     ; output[4]   ; 5.180 ;       ;       ; 5.180 ;
; in2[5]     ; output[5]   ; 5.636 ;       ;       ; 5.636 ;
; in2[6]     ; output[6]   ; 5.367 ;       ;       ; 5.367 ;
; in2[7]     ; output[7]   ; 5.817 ;       ;       ; 5.817 ;
; in2[8]     ; output[8]   ; 6.697 ;       ;       ; 6.697 ;
; in2[9]     ; output[9]   ; 5.141 ;       ;       ; 5.141 ;
; in2[10]    ; output[10]  ; 5.283 ;       ;       ; 5.283 ;
; in2[11]    ; output[11]  ; 5.099 ;       ;       ; 5.099 ;
; in2[12]    ; output[12]  ; 5.827 ;       ;       ; 5.827 ;
; in2[13]    ; output[13]  ; 5.353 ;       ;       ; 5.353 ;
; in2[14]    ; output[14]  ; 2.691 ;       ;       ; 2.691 ;
; in2[15]    ; output[15]  ; 5.165 ;       ;       ; 5.165 ;
; in3[0]     ; output[0]   ; 5.126 ;       ;       ; 5.126 ;
; in3[1]     ; output[1]   ; 4.992 ;       ;       ; 4.992 ;
; in3[2]     ; output[2]   ; 5.139 ;       ;       ; 5.139 ;
; in3[3]     ; output[3]   ; 5.487 ;       ;       ; 5.487 ;
; in3[4]     ; output[4]   ; 5.285 ;       ;       ; 5.285 ;
; in3[5]     ; output[5]   ; 5.586 ;       ;       ; 5.586 ;
; in3[6]     ; output[6]   ; 5.550 ;       ;       ; 5.550 ;
; in3[7]     ; output[7]   ; 5.389 ;       ;       ; 5.389 ;
; in3[8]     ; output[8]   ; 6.484 ;       ;       ; 6.484 ;
; in3[9]     ; output[9]   ; 5.242 ;       ;       ; 5.242 ;
; in3[10]    ; output[10]  ; 5.336 ;       ;       ; 5.336 ;
; in3[11]    ; output[11]  ; 5.048 ;       ;       ; 5.048 ;
; in3[12]    ; output[12]  ; 5.641 ;       ;       ; 5.641 ;
; in3[13]    ; output[13]  ; 5.209 ;       ;       ; 5.209 ;
; in3[14]    ; output[14]  ; 5.135 ;       ;       ; 5.135 ;
; in3[15]    ; output[15]  ; 5.177 ;       ;       ; 5.177 ;
; in4[0]     ; output[0]   ; 2.891 ; 2.891 ; 2.891 ; 2.891 ;
; in4[1]     ; output[1]   ; 5.270 ; 5.270 ; 5.270 ; 5.270 ;
; in4[2]     ; output[2]   ; 5.557 ; 5.557 ; 5.557 ; 5.557 ;
; in4[3]     ; output[3]   ; 5.783 ; 5.783 ; 5.783 ; 5.783 ;
; in4[4]     ; output[4]   ; 5.338 ; 5.338 ; 5.338 ; 5.338 ;
; in4[5]     ; output[5]   ; 6.499 ; 6.499 ; 6.499 ; 6.499 ;
; in4[6]     ; output[6]   ; 5.458 ; 5.458 ; 5.458 ; 5.458 ;
; in4[7]     ; output[7]   ; 5.832 ; 5.832 ; 5.832 ; 5.832 ;
; in4[8]     ; output[8]   ; 6.466 ; 6.466 ; 6.466 ; 6.466 ;
; in4[9]     ; output[9]   ; 5.260 ; 5.260 ; 5.260 ; 5.260 ;
; in4[10]    ; output[10]  ; 5.579 ; 5.579 ; 5.579 ; 5.579 ;
; in4[11]    ; output[11]  ; 5.396 ; 5.396 ; 5.396 ; 5.396 ;
; in4[12]    ; output[12]  ; 5.838 ; 5.838 ; 5.838 ; 5.838 ;
; in4[13]    ; output[13]  ; 5.710 ; 5.710 ; 5.710 ; 5.710 ;
; in4[14]    ; output[14]  ; 2.962 ; 2.962 ; 2.962 ; 2.962 ;
; in4[15]    ; output[15]  ; 5.433 ; 5.433 ; 5.433 ; 5.433 ;
; in5[0]     ; output[0]   ; 4.903 ;       ;       ; 4.903 ;
; in5[1]     ; output[1]   ; 5.155 ;       ;       ; 5.155 ;
; in5[2]     ; output[2]   ; 5.052 ;       ;       ; 5.052 ;
; in5[3]     ; output[3]   ; 5.362 ;       ;       ; 5.362 ;
; in5[4]     ; output[4]   ; 5.163 ;       ;       ; 5.163 ;
; in5[5]     ; output[5]   ; 6.226 ;       ;       ; 6.226 ;
; in5[6]     ; output[6]   ; 5.311 ;       ;       ; 5.311 ;
; in5[7]     ; output[7]   ; 5.939 ;       ;       ; 5.939 ;
; in5[8]     ; output[8]   ; 6.224 ;       ;       ; 6.224 ;
; in5[9]     ; output[9]   ; 5.142 ;       ;       ; 5.142 ;
; in5[10]    ; output[10]  ; 5.229 ;       ;       ; 5.229 ;
; in5[11]    ; output[11]  ; 5.282 ;       ;       ; 5.282 ;
; in5[12]    ; output[12]  ; 5.412 ;       ;       ; 5.412 ;
; in5[13]    ; output[13]  ; 5.345 ;       ;       ; 5.345 ;
; in5[14]    ; output[14]  ; 4.886 ;       ;       ; 4.886 ;
; in5[15]    ; output[15]  ; 5.259 ;       ;       ; 5.259 ;
; in6[0]     ; output[0]   ; 2.803 ; 2.803 ; 2.803 ; 2.803 ;
; in6[1]     ; output[1]   ; 5.387 ; 5.387 ; 5.387 ; 5.387 ;
; in6[2]     ; output[2]   ; 5.512 ; 5.512 ; 5.512 ; 5.512 ;
; in6[3]     ; output[3]   ; 5.695 ; 5.695 ; 5.695 ; 5.695 ;
; in6[4]     ; output[4]   ; 5.345 ; 5.345 ; 5.345 ; 5.345 ;
; in6[5]     ; output[5]   ; 6.704 ; 6.704 ; 6.704 ; 6.704 ;
; in6[6]     ; output[6]   ; 5.199 ; 5.199 ; 5.199 ; 5.199 ;
; in6[7]     ; output[7]   ; 5.800 ; 5.800 ; 5.800 ; 5.800 ;
; in6[8]     ; output[8]   ; 6.264 ; 6.264 ; 6.264 ; 6.264 ;
; in6[9]     ; output[9]   ; 5.387 ; 5.387 ; 5.387 ; 5.387 ;
; in6[10]    ; output[10]  ; 5.451 ; 5.451 ; 5.451 ; 5.451 ;
; in6[11]    ; output[11]  ; 5.346 ; 5.346 ; 5.346 ; 5.346 ;
; in6[12]    ; output[12]  ; 5.712 ; 5.712 ; 5.712 ; 5.712 ;
; in6[13]    ; output[13]  ; 5.370 ; 5.370 ; 5.370 ; 5.370 ;
; in6[14]    ; output[14]  ; 3.118 ; 3.118 ; 3.118 ; 3.118 ;
; in6[15]    ; output[15]  ; 5.561 ; 5.561 ; 5.561 ; 5.561 ;
; in7[0]     ; output[0]   ; 4.995 ;       ;       ; 4.995 ;
; in7[1]     ; output[1]   ; 5.254 ;       ;       ; 5.254 ;
; in7[2]     ; output[2]   ; 5.207 ;       ;       ; 5.207 ;
; in7[3]     ; output[3]   ; 5.260 ;       ;       ; 5.260 ;
; in7[4]     ; output[4]   ; 5.176 ;       ;       ; 5.176 ;
; in7[5]     ; output[5]   ; 6.250 ;       ;       ; 6.250 ;
; in7[6]     ; output[6]   ; 5.274 ;       ;       ; 5.274 ;
; in7[7]     ; output[7]   ; 5.668 ;       ;       ; 5.668 ;
; in7[8]     ; output[8]   ; 5.894 ;       ;       ; 5.894 ;
; in7[9]     ; output[9]   ; 5.204 ;       ;       ; 5.204 ;
; in7[10]    ; output[10]  ; 5.478 ;       ;       ; 5.478 ;
; in7[11]    ; output[11]  ; 5.225 ;       ;       ; 5.225 ;
; in7[12]    ; output[12]  ; 5.529 ;       ;       ; 5.529 ;
; in7[13]    ; output[13]  ; 5.547 ;       ;       ; 5.547 ;
; in7[14]    ; output[14]  ; 2.623 ;       ;       ; 2.623 ;
; in7[15]    ; output[15]  ; 5.126 ;       ;       ; 5.126 ;
+------------+-------------+-------+-------+-------+-------+


+----------------------------------------------------------+
; Minimum Propagation Delay                                ;
+------------+-------------+-------+-------+-------+-------+
; Input Port ; Output Port ; RR    ; RF    ; FR    ; FF    ;
+------------+-------------+-------+-------+-------+-------+
; choice[0]  ; output[0]   ; 2.725 ; 2.725 ; 2.725 ; 2.725 ;
; choice[0]  ; output[1]   ; 2.954 ; 2.954 ; 2.954 ; 2.954 ;
; choice[0]  ; output[2]   ; 2.860 ; 2.860 ; 2.860 ; 2.860 ;
; choice[0]  ; output[3]   ; 3.484 ; 3.484 ; 3.484 ; 3.484 ;
; choice[0]  ; output[4]   ; 3.005 ; 3.005 ; 3.005 ; 3.005 ;
; choice[0]  ; output[5]   ; 3.780 ; 3.780 ; 3.780 ; 3.780 ;
; choice[0]  ; output[6]   ; 3.216 ; 3.216 ; 3.216 ; 3.216 ;
; choice[0]  ; output[7]   ; 3.508 ; 3.508 ; 3.508 ; 3.508 ;
; choice[0]  ; output[8]   ; 4.074 ; 4.074 ; 4.074 ; 4.074 ;
; choice[0]  ; output[9]   ; 3.045 ; 3.045 ; 3.045 ; 3.045 ;
; choice[0]  ; output[10]  ; 3.495 ; 3.495 ; 3.495 ; 3.495 ;
; choice[0]  ; output[11]  ; 3.344 ; 3.344 ; 3.344 ; 3.344 ;
; choice[0]  ; output[12]  ; 3.425 ; 3.425 ; 3.425 ; 3.425 ;
; choice[0]  ; output[13]  ; 3.375 ; 3.375 ; 3.375 ; 3.375 ;
; choice[0]  ; output[14]  ; 3.132 ; 3.132 ; 3.132 ; 3.132 ;
; choice[0]  ; output[15]  ; 3.350 ; 3.350 ; 3.350 ; 3.350 ;
; choice[1]  ; output[0]   ; 2.766 ; 2.766 ; 2.766 ; 2.766 ;
; choice[1]  ; output[1]   ; 2.852 ; 2.852 ; 2.852 ; 2.852 ;
; choice[1]  ; output[2]   ; 2.801 ; 2.801 ; 2.801 ; 2.801 ;
; choice[1]  ; output[3]   ; 3.311 ; 3.311 ; 3.311 ; 3.311 ;
; choice[1]  ; output[4]   ; 3.020 ; 3.020 ; 3.020 ; 3.020 ;
; choice[1]  ; output[5]   ; 3.516 ; 3.516 ; 3.516 ; 3.516 ;
; choice[1]  ; output[6]   ; 3.080 ; 3.080 ; 3.080 ; 3.080 ;
; choice[1]  ; output[7]   ; 3.456 ; 3.456 ; 3.456 ; 3.456 ;
; choice[1]  ; output[8]   ; 4.301 ; 4.301 ; 4.301 ; 4.301 ;
; choice[1]  ; output[9]   ; 3.194 ; 3.194 ; 3.194 ; 3.194 ;
; choice[1]  ; output[10]  ; 3.461 ; 3.461 ; 3.461 ; 3.461 ;
; choice[1]  ; output[11]  ; 3.253 ; 3.253 ; 3.253 ; 3.253 ;
; choice[1]  ; output[12]  ; 3.513 ; 3.513 ; 3.513 ; 3.513 ;
; choice[1]  ; output[13]  ; 3.381 ; 3.381 ; 3.381 ; 3.381 ;
; choice[1]  ; output[14]  ; 3.195 ; 3.195 ; 3.195 ; 3.195 ;
; choice[1]  ; output[15]  ; 3.365 ; 3.365 ; 3.365 ; 3.365 ;
; choice[2]  ; output[0]   ; 5.243 ; 5.243 ; 5.243 ; 5.243 ;
; choice[2]  ; output[1]   ; 5.359 ; 5.359 ; 5.359 ; 5.359 ;
; choice[2]  ; output[2]   ; 5.382 ; 5.382 ; 5.382 ; 5.382 ;
; choice[2]  ; output[3]   ; 5.744 ; 5.744 ; 5.744 ; 5.744 ;
; choice[2]  ; output[4]   ; 5.578 ; 5.578 ; 5.578 ; 5.578 ;
; choice[2]  ; output[5]   ; 5.650 ; 5.650 ; 5.650 ; 5.650 ;
; choice[2]  ; output[6]   ; 5.526 ; 5.526 ; 5.526 ; 5.526 ;
; choice[2]  ; output[7]   ; 5.663 ; 5.663 ; 5.663 ; 5.663 ;
; choice[2]  ; output[8]   ; 6.154 ; 6.154 ; 6.154 ; 6.154 ;
; choice[2]  ; output[9]   ; 5.146 ; 5.146 ; 5.146 ; 5.146 ;
; choice[2]  ; output[10]  ; 5.541 ; 5.541 ; 5.541 ; 5.541 ;
; choice[2]  ; output[11]  ; 5.119 ; 5.119 ; 5.119 ; 5.119 ;
; choice[2]  ; output[12]  ; 5.647 ; 5.647 ; 5.647 ; 5.647 ;
; choice[2]  ; output[13]  ; 5.340 ; 5.340 ; 5.340 ; 5.340 ;
; choice[2]  ; output[14]  ; 5.034 ; 5.034 ; 5.034 ; 5.034 ;
; choice[2]  ; output[15]  ; 5.133 ; 5.133 ; 5.133 ; 5.133 ;
; in0[0]     ; output[0]   ; 5.309 ; 5.309 ; 5.309 ; 5.309 ;
; in0[1]     ; output[1]   ; 5.329 ; 5.329 ; 5.329 ; 5.329 ;
; in0[2]     ; output[2]   ; 5.402 ; 5.402 ; 5.402 ; 5.402 ;
; in0[3]     ; output[3]   ; 6.312 ; 6.312 ; 6.312 ; 6.312 ;
; in0[4]     ; output[4]   ; 5.572 ; 5.572 ; 5.572 ; 5.572 ;
; in0[5]     ; output[5]   ; 5.973 ; 5.973 ; 5.973 ; 5.973 ;
; in0[6]     ; output[6]   ; 5.508 ; 5.508 ; 5.508 ; 5.508 ;
; in0[7]     ; output[7]   ; 5.656 ; 5.656 ; 5.656 ; 5.656 ;
; in0[8]     ; output[8]   ; 6.512 ; 6.512 ; 6.512 ; 6.512 ;
; in0[9]     ; output[9]   ; 5.513 ; 5.513 ; 5.513 ; 5.513 ;
; in0[10]    ; output[10]  ; 5.960 ; 5.960 ; 5.960 ; 5.960 ;
; in0[11]    ; output[11]  ; 5.524 ; 5.524 ; 5.524 ; 5.524 ;
; in0[12]    ; output[12]  ; 5.845 ; 5.845 ; 5.845 ; 5.845 ;
; in0[13]    ; output[13]  ; 5.512 ; 5.512 ; 5.512 ; 5.512 ;
; in0[14]    ; output[14]  ; 5.488 ; 5.488 ; 5.488 ; 5.488 ;
; in0[15]    ; output[15]  ; 5.478 ; 5.478 ; 5.478 ; 5.478 ;
; in1[0]     ; output[0]   ; 5.256 ; 5.256 ; 5.256 ; 5.256 ;
; in1[1]     ; output[1]   ; 5.302 ; 5.302 ; 5.302 ; 5.302 ;
; in1[2]     ; output[2]   ; 5.601 ; 5.601 ; 5.601 ; 5.601 ;
; in1[3]     ; output[3]   ; 6.107 ; 6.107 ; 6.107 ; 6.107 ;
; in1[4]     ; output[4]   ; 5.442 ; 5.442 ; 5.442 ; 5.442 ;
; in1[5]     ; output[5]   ; 5.884 ; 5.884 ; 5.884 ; 5.884 ;
; in1[6]     ; output[6]   ; 5.644 ; 5.644 ; 5.644 ; 5.644 ;
; in1[7]     ; output[7]   ; 5.766 ; 5.766 ; 5.766 ; 5.766 ;
; in1[8]     ; output[8]   ; 6.719 ; 6.719 ; 6.719 ; 6.719 ;
; in1[9]     ; output[9]   ; 5.175 ; 5.175 ; 5.175 ; 5.175 ;
; in1[10]    ; output[10]  ; 5.707 ; 5.707 ; 5.707 ; 5.707 ;
; in1[11]    ; output[11]  ; 5.295 ; 5.295 ; 5.295 ; 5.295 ;
; in1[12]    ; output[12]  ; 5.899 ; 5.899 ; 5.899 ; 5.899 ;
; in1[13]    ; output[13]  ; 5.587 ; 5.587 ; 5.587 ; 5.587 ;
; in1[14]    ; output[14]  ; 5.155 ; 5.155 ; 5.155 ; 5.155 ;
; in1[15]    ; output[15]  ; 5.428 ; 5.428 ; 5.428 ; 5.428 ;
; in2[0]     ; output[0]   ; 5.157 ;       ;       ; 5.157 ;
; in2[1]     ; output[1]   ; 4.982 ;       ;       ; 4.982 ;
; in2[2]     ; output[2]   ; 5.138 ;       ;       ; 5.138 ;
; in2[3]     ; output[3]   ; 5.520 ;       ;       ; 5.520 ;
; in2[4]     ; output[4]   ; 5.180 ;       ;       ; 5.180 ;
; in2[5]     ; output[5]   ; 5.636 ;       ;       ; 5.636 ;
; in2[6]     ; output[6]   ; 5.367 ;       ;       ; 5.367 ;
; in2[7]     ; output[7]   ; 5.817 ;       ;       ; 5.817 ;
; in2[8]     ; output[8]   ; 6.697 ;       ;       ; 6.697 ;
; in2[9]     ; output[9]   ; 5.141 ;       ;       ; 5.141 ;
; in2[10]    ; output[10]  ; 5.283 ;       ;       ; 5.283 ;
; in2[11]    ; output[11]  ; 5.099 ;       ;       ; 5.099 ;
; in2[12]    ; output[12]  ; 5.827 ;       ;       ; 5.827 ;
; in2[13]    ; output[13]  ; 5.353 ;       ;       ; 5.353 ;
; in2[14]    ; output[14]  ; 2.691 ;       ;       ; 2.691 ;
; in2[15]    ; output[15]  ; 5.165 ;       ;       ; 5.165 ;
; in3[0]     ; output[0]   ; 5.126 ;       ;       ; 5.126 ;
; in3[1]     ; output[1]   ; 4.992 ;       ;       ; 4.992 ;
; in3[2]     ; output[2]   ; 5.139 ;       ;       ; 5.139 ;
; in3[3]     ; output[3]   ; 5.487 ;       ;       ; 5.487 ;
; in3[4]     ; output[4]   ; 5.285 ;       ;       ; 5.285 ;
; in3[5]     ; output[5]   ; 5.586 ;       ;       ; 5.586 ;
; in3[6]     ; output[6]   ; 5.550 ;       ;       ; 5.550 ;
; in3[7]     ; output[7]   ; 5.389 ;       ;       ; 5.389 ;
; in3[8]     ; output[8]   ; 6.484 ;       ;       ; 6.484 ;
; in3[9]     ; output[9]   ; 5.242 ;       ;       ; 5.242 ;
; in3[10]    ; output[10]  ; 5.336 ;       ;       ; 5.336 ;
; in3[11]    ; output[11]  ; 5.048 ;       ;       ; 5.048 ;
; in3[12]    ; output[12]  ; 5.641 ;       ;       ; 5.641 ;
; in3[13]    ; output[13]  ; 5.209 ;       ;       ; 5.209 ;
; in3[14]    ; output[14]  ; 5.135 ;       ;       ; 5.135 ;
; in3[15]    ; output[15]  ; 5.177 ;       ;       ; 5.177 ;
; in4[0]     ; output[0]   ; 2.891 ; 2.891 ; 2.891 ; 2.891 ;
; in4[1]     ; output[1]   ; 5.270 ; 5.270 ; 5.270 ; 5.270 ;
; in4[2]     ; output[2]   ; 5.557 ; 5.557 ; 5.557 ; 5.557 ;
; in4[3]     ; output[3]   ; 5.783 ; 5.783 ; 5.783 ; 5.783 ;
; in4[4]     ; output[4]   ; 5.338 ; 5.338 ; 5.338 ; 5.338 ;
; in4[5]     ; output[5]   ; 6.499 ; 6.499 ; 6.499 ; 6.499 ;
; in4[6]     ; output[6]   ; 5.458 ; 5.458 ; 5.458 ; 5.458 ;
; in4[7]     ; output[7]   ; 5.832 ; 5.832 ; 5.832 ; 5.832 ;
; in4[8]     ; output[8]   ; 6.466 ; 6.466 ; 6.466 ; 6.466 ;
; in4[9]     ; output[9]   ; 5.260 ; 5.260 ; 5.260 ; 5.260 ;
; in4[10]    ; output[10]  ; 5.579 ; 5.579 ; 5.579 ; 5.579 ;
; in4[11]    ; output[11]  ; 5.396 ; 5.396 ; 5.396 ; 5.396 ;
; in4[12]    ; output[12]  ; 5.838 ; 5.838 ; 5.838 ; 5.838 ;
; in4[13]    ; output[13]  ; 5.710 ; 5.710 ; 5.710 ; 5.710 ;
; in4[14]    ; output[14]  ; 2.962 ; 2.962 ; 2.962 ; 2.962 ;
; in4[15]    ; output[15]  ; 5.433 ; 5.433 ; 5.433 ; 5.433 ;
; in5[0]     ; output[0]   ; 4.903 ;       ;       ; 4.903 ;
; in5[1]     ; output[1]   ; 5.155 ;       ;       ; 5.155 ;
; in5[2]     ; output[2]   ; 5.052 ;       ;       ; 5.052 ;
; in5[3]     ; output[3]   ; 5.362 ;       ;       ; 5.362 ;
; in5[4]     ; output[4]   ; 5.163 ;       ;       ; 5.163 ;
; in5[5]     ; output[5]   ; 6.226 ;       ;       ; 6.226 ;
; in5[6]     ; output[6]   ; 5.311 ;       ;       ; 5.311 ;
; in5[7]     ; output[7]   ; 5.939 ;       ;       ; 5.939 ;
; in5[8]     ; output[8]   ; 6.224 ;       ;       ; 6.224 ;
; in5[9]     ; output[9]   ; 5.142 ;       ;       ; 5.142 ;
; in5[10]    ; output[10]  ; 5.229 ;       ;       ; 5.229 ;
; in5[11]    ; output[11]  ; 5.282 ;       ;       ; 5.282 ;
; in5[12]    ; output[12]  ; 5.412 ;       ;       ; 5.412 ;
; in5[13]    ; output[13]  ; 5.345 ;       ;       ; 5.345 ;
; in5[14]    ; output[14]  ; 4.886 ;       ;       ; 4.886 ;
; in5[15]    ; output[15]  ; 5.259 ;       ;       ; 5.259 ;
; in6[0]     ; output[0]   ; 2.803 ; 2.803 ; 2.803 ; 2.803 ;
; in6[1]     ; output[1]   ; 5.387 ; 5.387 ; 5.387 ; 5.387 ;
; in6[2]     ; output[2]   ; 5.512 ; 5.512 ; 5.512 ; 5.512 ;
; in6[3]     ; output[3]   ; 5.695 ; 5.695 ; 5.695 ; 5.695 ;
; in6[4]     ; output[4]   ; 5.345 ; 5.345 ; 5.345 ; 5.345 ;
; in6[5]     ; output[5]   ; 6.704 ; 6.704 ; 6.704 ; 6.704 ;
; in6[6]     ; output[6]   ; 5.199 ; 5.199 ; 5.199 ; 5.199 ;
; in6[7]     ; output[7]   ; 5.800 ; 5.800 ; 5.800 ; 5.800 ;
; in6[8]     ; output[8]   ; 6.264 ; 6.264 ; 6.264 ; 6.264 ;
; in6[9]     ; output[9]   ; 5.387 ; 5.387 ; 5.387 ; 5.387 ;
; in6[10]    ; output[10]  ; 5.451 ; 5.451 ; 5.451 ; 5.451 ;
; in6[11]    ; output[11]  ; 5.346 ; 5.346 ; 5.346 ; 5.346 ;
; in6[12]    ; output[12]  ; 5.712 ; 5.712 ; 5.712 ; 5.712 ;
; in6[13]    ; output[13]  ; 5.370 ; 5.370 ; 5.370 ; 5.370 ;
; in6[14]    ; output[14]  ; 3.118 ; 3.118 ; 3.118 ; 3.118 ;
; in6[15]    ; output[15]  ; 5.561 ; 5.561 ; 5.561 ; 5.561 ;
; in7[0]     ; output[0]   ; 4.995 ;       ;       ; 4.995 ;
; in7[1]     ; output[1]   ; 5.254 ;       ;       ; 5.254 ;
; in7[2]     ; output[2]   ; 5.207 ;       ;       ; 5.207 ;
; in7[3]     ; output[3]   ; 5.260 ;       ;       ; 5.260 ;
; in7[4]     ; output[4]   ; 5.176 ;       ;       ; 5.176 ;
; in7[5]     ; output[5]   ; 6.250 ;       ;       ; 6.250 ;
; in7[6]     ; output[6]   ; 5.274 ;       ;       ; 5.274 ;
; in7[7]     ; output[7]   ; 5.668 ;       ;       ; 5.668 ;
; in7[8]     ; output[8]   ; 5.894 ;       ;       ; 5.894 ;
; in7[9]     ; output[9]   ; 5.204 ;       ;       ; 5.204 ;
; in7[10]    ; output[10]  ; 5.478 ;       ;       ; 5.478 ;
; in7[11]    ; output[11]  ; 5.225 ;       ;       ; 5.225 ;
; in7[12]    ; output[12]  ; 5.529 ;       ;       ; 5.529 ;
; in7[13]    ; output[13]  ; 5.547 ;       ;       ; 5.547 ;
; in7[14]    ; output[14]  ; 2.623 ;       ;       ; 2.623 ;
; in7[15]    ; output[15]  ; 5.126 ;       ;       ; 5.126 ;
+------------+-------------+-------+-------+-------+-------+


+----------------------------------------------------------------------------+
; Multicorner Timing Analysis Summary                                        ;
+------------------+-------+------+----------+---------+---------------------+
; Clock            ; Setup ; Hold ; Recovery ; Removal ; Minimum Pulse Width ;
+------------------+-------+------+----------+---------+---------------------+
; Worst-case Slack ; N/A   ; N/A  ; N/A      ; N/A     ; N/A                 ;
; Design-wide TNS  ; 0.0   ; 0.0  ; 0.0      ; 0.0     ; 0.0                 ;
+------------------+-------+------+----------+---------+---------------------+


+--------------------------------------------------------------+
; Progagation Delay                                            ;
+------------+-------------+--------+--------+--------+--------+
; Input Port ; Output Port ; RR     ; RF     ; FR     ; FF     ;
+------------+-------------+--------+--------+--------+--------+
; choice[0]  ; output[0]   ; 7.314  ; 7.314  ; 7.314  ; 7.314  ;
; choice[0]  ; output[1]   ; 7.649  ; 7.649  ; 7.649  ; 7.649  ;
; choice[0]  ; output[2]   ; 7.718  ; 7.718  ; 7.718  ; 7.718  ;
; choice[0]  ; output[3]   ; 9.445  ; 9.445  ; 9.445  ; 9.445  ;
; choice[0]  ; output[4]   ; 8.548  ; 8.548  ; 8.548  ; 8.548  ;
; choice[0]  ; output[5]   ; 10.883 ; 10.883 ; 10.883 ; 10.883 ;
; choice[0]  ; output[6]   ; 8.302  ; 8.302  ; 8.302  ; 8.302  ;
; choice[0]  ; output[7]   ; 8.753  ; 8.753  ; 8.753  ; 8.753  ;
; choice[0]  ; output[8]   ; 11.838 ; 11.838 ; 11.838 ; 11.838 ;
; choice[0]  ; output[9]   ; 8.321  ; 8.321  ; 8.321  ; 8.321  ;
; choice[0]  ; output[10]  ; 9.636  ; 9.636  ; 9.636  ; 9.636  ;
; choice[0]  ; output[11]  ; 8.658  ; 8.658  ; 8.658  ; 8.658  ;
; choice[0]  ; output[12]  ; 9.090  ; 9.090  ; 9.090  ; 9.090  ;
; choice[0]  ; output[13]  ; 8.800  ; 8.800  ; 8.800  ; 8.800  ;
; choice[0]  ; output[14]  ; 8.664  ; 8.664  ; 8.664  ; 8.664  ;
; choice[0]  ; output[15]  ; 8.625  ; 8.625  ; 8.625  ; 8.625  ;
; choice[1]  ; output[0]   ; 7.329  ; 7.329  ; 7.329  ; 7.329  ;
; choice[1]  ; output[1]   ; 7.412  ; 7.412  ; 7.412  ; 7.412  ;
; choice[1]  ; output[2]   ; 7.845  ; 7.845  ; 7.845  ; 7.845  ;
; choice[1]  ; output[3]   ; 9.574  ; 9.574  ; 9.574  ; 9.574  ;
; choice[1]  ; output[4]   ; 8.031  ; 8.031  ; 8.031  ; 8.031  ;
; choice[1]  ; output[5]   ; 10.781 ; 10.781 ; 10.781 ; 10.781 ;
; choice[1]  ; output[6]   ; 7.943  ; 7.943  ; 7.943  ; 7.943  ;
; choice[1]  ; output[7]   ; 8.743  ; 8.743  ; 8.743  ; 8.743  ;
; choice[1]  ; output[8]   ; 11.619 ; 11.619 ; 11.619 ; 11.619 ;
; choice[1]  ; output[9]   ; 8.125  ; 8.125  ; 8.125  ; 8.125  ;
; choice[1]  ; output[10]  ; 9.450  ; 9.450  ; 9.450  ; 9.450  ;
; choice[1]  ; output[11]  ; 8.470  ; 8.470  ; 8.470  ; 8.470  ;
; choice[1]  ; output[12]  ; 9.087  ; 9.087  ; 9.087  ; 9.087  ;
; choice[1]  ; output[13]  ; 9.097  ; 9.097  ; 9.097  ; 9.097  ;
; choice[1]  ; output[14]  ; 8.494  ; 8.494  ; 8.494  ; 8.494  ;
; choice[1]  ; output[15]  ; 8.971  ; 8.971  ; 8.971  ; 8.971  ;
; choice[2]  ; output[0]   ; 11.189 ; 11.189 ; 11.189 ; 11.189 ;
; choice[2]  ; output[1]   ; 11.530 ; 11.530 ; 11.530 ; 11.530 ;
; choice[2]  ; output[2]   ; 11.560 ; 11.560 ; 11.560 ; 11.560 ;
; choice[2]  ; output[3]   ; 12.300 ; 12.300 ; 12.300 ; 12.300 ;
; choice[2]  ; output[4]   ; 11.971 ; 11.971 ; 11.971 ; 11.971 ;
; choice[2]  ; output[5]   ; 12.014 ; 12.014 ; 12.014 ; 12.014 ;
; choice[2]  ; output[6]   ; 11.710 ; 11.710 ; 11.710 ; 11.710 ;
; choice[2]  ; output[7]   ; 11.953 ; 11.953 ; 11.953 ; 11.953 ;
; choice[2]  ; output[8]   ; 13.130 ; 13.130 ; 13.130 ; 13.130 ;
; choice[2]  ; output[9]   ; 10.968 ; 10.968 ; 10.968 ; 10.968 ;
; choice[2]  ; output[10]  ; 11.950 ; 11.950 ; 11.950 ; 11.950 ;
; choice[2]  ; output[11]  ; 11.065 ; 11.065 ; 11.065 ; 11.065 ;
; choice[2]  ; output[12]  ; 11.903 ; 11.903 ; 11.903 ; 11.903 ;
; choice[2]  ; output[13]  ; 11.377 ; 11.377 ; 11.377 ; 11.377 ;
; choice[2]  ; output[14]  ; 10.764 ; 10.764 ; 10.764 ; 10.764 ;
; choice[2]  ; output[15]  ; 11.073 ; 11.073 ; 11.073 ; 11.073 ;
; in0[0]     ; output[0]   ; 11.730 ; 11.730 ; 11.730 ; 11.730 ;
; in0[1]     ; output[1]   ; 11.721 ; 11.721 ; 11.721 ; 11.721 ;
; in0[2]     ; output[2]   ; 11.976 ; 11.976 ; 11.976 ; 11.976 ;
; in0[3]     ; output[3]   ; 14.393 ; 14.393 ; 14.393 ; 14.393 ;
; in0[4]     ; output[4]   ; 12.499 ; 12.499 ; 12.499 ; 12.499 ;
; in0[5]     ; output[5]   ; 13.364 ; 13.364 ; 13.364 ; 13.364 ;
; in0[6]     ; output[6]   ; 12.163 ; 12.163 ; 12.163 ; 12.163 ;
; in0[7]     ; output[7]   ; 12.300 ; 12.300 ; 12.300 ; 12.300 ;
; in0[8]     ; output[8]   ; 14.442 ; 14.442 ; 14.442 ; 14.442 ;
; in0[9]     ; output[9]   ; 12.303 ; 12.303 ; 12.303 ; 12.303 ;
; in0[10]    ; output[10]  ; 13.341 ; 13.341 ; 13.341 ; 13.341 ;
; in0[11]    ; output[11]  ; 12.384 ; 12.384 ; 12.384 ; 12.384 ;
; in0[12]    ; output[12]  ; 12.820 ; 12.820 ; 12.820 ; 12.820 ;
; in0[13]    ; output[13]  ; 12.096 ; 12.096 ; 12.096 ; 12.096 ;
; in0[14]    ; output[14]  ; 12.257 ; 12.257 ; 12.257 ; 12.257 ;
; in0[15]    ; output[15]  ; 12.266 ; 12.266 ; 12.266 ; 12.266 ;
; in1[0]     ; output[0]   ; 11.574 ; 11.574 ; 11.574 ; 11.574 ;
; in1[1]     ; output[1]   ; 11.687 ; 11.687 ; 11.687 ; 11.687 ;
; in1[2]     ; output[2]   ; 12.335 ; 12.335 ; 12.335 ; 12.335 ;
; in1[3]     ; output[3]   ; 13.771 ; 13.771 ; 13.771 ; 13.771 ;
; in1[4]     ; output[4]   ; 12.134 ; 12.134 ; 12.134 ; 12.134 ;
; in1[5]     ; output[5]   ; 13.024 ; 13.024 ; 13.024 ; 13.024 ;
; in1[6]     ; output[6]   ; 12.613 ; 12.613 ; 12.613 ; 12.613 ;
; in1[7]     ; output[7]   ; 12.459 ; 12.459 ; 12.459 ; 12.459 ;
; in1[8]     ; output[8]   ; 15.077 ; 15.077 ; 15.077 ; 15.077 ;
; in1[9]     ; output[9]   ; 11.280 ; 11.280 ; 11.280 ; 11.280 ;
; in1[10]    ; output[10]  ; 12.526 ; 12.526 ; 12.526 ; 12.526 ;
; in1[11]    ; output[11]  ; 11.686 ; 11.686 ; 11.686 ; 11.686 ;
; in1[12]    ; output[12]  ; 13.123 ; 13.123 ; 13.123 ; 13.123 ;
; in1[13]    ; output[13]  ; 12.352 ; 12.352 ; 12.352 ; 12.352 ;
; in1[14]    ; output[14]  ; 11.279 ; 11.279 ; 11.279 ; 11.279 ;
; in1[15]    ; output[15]  ; 12.068 ; 12.068 ; 12.068 ; 12.068 ;
; in2[0]     ; output[0]   ; 11.210 ;        ;        ; 11.210 ;
; in2[1]     ; output[1]   ; 10.714 ;        ;        ; 10.714 ;
; in2[2]     ; output[2]   ; 11.105 ;        ;        ; 11.105 ;
; in2[3]     ; output[3]   ; 12.193 ;        ;        ; 12.193 ;
; in2[4]     ; output[4]   ; 11.313 ;        ;        ; 11.313 ;
; in2[5]     ; output[5]   ; 12.366 ;        ;        ; 12.366 ;
; in2[6]     ; output[6]   ; 11.784 ;        ;        ; 11.784 ;
; in2[7]     ; output[7]   ; 12.663 ;        ;        ; 12.663 ;
; in2[8]     ; output[8]   ; 14.914 ;        ;        ; 14.914 ;
; in2[9]     ; output[9]   ; 11.218 ;        ;        ; 11.218 ;
; in2[10]    ; output[10]  ; 11.322 ;        ;        ; 11.322 ;
; in2[11]    ; output[11]  ; 11.008 ;        ;        ; 11.008 ;
; in2[12]    ; output[12]  ; 12.405 ;        ;        ; 12.405 ;
; in2[13]    ; output[13]  ; 11.636 ;        ;        ; 11.636 ;
; in2[14]    ; output[14]  ; 6.378  ;        ;        ; 6.378  ;
; in2[15]    ; output[15]  ; 11.179 ;        ;        ; 11.179 ;
; in3[0]     ; output[0]   ; 11.110 ;        ;        ; 11.110 ;
; in3[1]     ; output[1]   ; 10.713 ;        ;        ; 10.713 ;
; in3[2]     ; output[2]   ; 11.111 ;        ;        ; 11.111 ;
; in3[3]     ; output[3]   ; 12.071 ;        ;        ; 12.071 ;
; in3[4]     ; output[4]   ; 11.656 ;        ;        ; 11.656 ;
; in3[5]     ; output[5]   ; 12.091 ;        ;        ; 12.091 ;
; in3[6]     ; output[6]   ; 12.374 ;        ;        ; 12.374 ;
; in3[7]     ; output[7]   ; 11.513 ;        ;        ; 11.513 ;
; in3[8]     ; output[8]   ; 14.260 ;        ;        ; 14.260 ;
; in3[9]     ; output[9]   ; 11.531 ;        ;        ; 11.531 ;
; in3[10]    ; output[10]  ; 11.490 ;        ;        ; 11.490 ;
; in3[11]    ; output[11]  ; 10.882 ;        ;        ; 10.882 ;
; in3[12]    ; output[12]  ; 12.270 ;        ;        ; 12.270 ;
; in3[13]    ; output[13]  ; 11.160 ;        ;        ; 11.160 ;
; in3[14]    ; output[14]  ; 11.177 ;        ;        ; 11.177 ;
; in3[15]    ; output[15]  ; 11.308 ;        ;        ; 11.308 ;
; in4[0]     ; output[0]   ; 7.049  ; 7.049  ; 7.049  ; 7.049  ;
; in4[1]     ; output[1]   ; 11.617 ; 11.617 ; 11.617 ; 11.617 ;
; in4[2]     ; output[2]   ; 12.475 ; 12.475 ; 12.475 ; 12.475 ;
; in4[3]     ; output[3]   ; 12.953 ; 12.953 ; 12.953 ; 12.953 ;
; in4[4]     ; output[4]   ; 11.884 ; 11.884 ; 11.884 ; 11.884 ;
; in4[5]     ; output[5]   ; 14.778 ; 14.778 ; 14.778 ; 14.778 ;
; in4[6]     ; output[6]   ; 12.024 ; 12.024 ; 12.024 ; 12.024 ;
; in4[7]     ; output[7]   ; 12.614 ; 12.614 ; 12.614 ; 12.614 ;
; in4[8]     ; output[8]   ; 14.459 ; 14.459 ; 14.459 ; 14.459 ;
; in4[9]     ; output[9]   ; 11.517 ; 11.517 ; 11.517 ; 11.517 ;
; in4[10]    ; output[10]  ; 12.280 ; 12.280 ; 12.280 ; 12.280 ;
; in4[11]    ; output[11]  ; 12.047 ; 12.047 ; 12.047 ; 12.047 ;
; in4[12]    ; output[12]  ; 12.920 ; 12.920 ; 12.920 ; 12.920 ;
; in4[13]    ; output[13]  ; 12.698 ; 12.698 ; 12.698 ; 12.698 ;
; in4[14]    ; output[14]  ; 7.264  ; 7.264  ; 7.264  ; 7.264  ;
; in4[15]    ; output[15]  ; 12.090 ; 12.090 ; 12.090 ; 12.090 ;
; in5[0]     ; output[0]   ; 10.395 ;        ;        ; 10.395 ;
; in5[1]     ; output[1]   ; 11.227 ;        ;        ; 11.227 ;
; in5[2]     ; output[2]   ; 10.853 ;        ;        ; 10.853 ;
; in5[3]     ; output[3]   ; 11.669 ;        ;        ; 11.669 ;
; in5[4]     ; output[4]   ; 11.325 ;        ;        ; 11.325 ;
; in5[5]     ; output[5]   ; 13.956 ;        ;        ; 13.956 ;
; in5[6]     ; output[6]   ; 11.605 ;        ;        ; 11.605 ;
; in5[7]     ; output[7]   ; 12.768 ;        ;        ; 12.768 ;
; in5[8]     ; output[8]   ; 13.617 ;        ;        ; 13.617 ;
; in5[9]     ; output[9]   ; 11.181 ;        ;        ; 11.181 ;
; in5[10]    ; output[10]  ; 11.155 ;        ;        ; 11.155 ;
; in5[11]    ; output[11]  ; 11.643 ;        ;        ; 11.643 ;
; in5[12]    ; output[12]  ; 11.585 ;        ;        ; 11.585 ;
; in5[13]    ; output[13]  ; 11.617 ;        ;        ; 11.617 ;
; in5[14]    ; output[14]  ; 10.374 ;        ;        ; 10.374 ;
; in5[15]    ; output[15]  ; 11.527 ;        ;        ; 11.527 ;
; in6[0]     ; output[0]   ; 6.714  ; 6.714  ; 6.714  ; 6.714  ;
; in6[1]     ; output[1]   ; 11.965 ; 11.965 ; 11.965 ; 11.965 ;
; in6[2]     ; output[2]   ; 12.337 ; 12.337 ; 12.337 ; 12.337 ;
; in6[3]     ; output[3]   ; 12.707 ; 12.707 ; 12.707 ; 12.707 ;
; in6[4]     ; output[4]   ; 11.801 ; 11.801 ; 11.801 ; 11.801 ;
; in6[5]     ; output[5]   ; 15.445 ; 15.445 ; 15.445 ; 15.445 ;
; in6[6]     ; output[6]   ; 11.267 ; 11.267 ; 11.267 ; 11.267 ;
; in6[7]     ; output[7]   ; 12.778 ; 12.778 ; 12.778 ; 12.778 ;
; in6[8]     ; output[8]   ; 13.911 ; 13.911 ; 13.911 ; 13.911 ;
; in6[9]     ; output[9]   ; 11.902 ; 11.902 ; 11.902 ; 11.902 ;
; in6[10]    ; output[10]  ; 11.855 ; 11.855 ; 11.855 ; 11.855 ;
; in6[11]    ; output[11]  ; 11.800 ; 11.800 ; 11.800 ; 11.800 ;
; in6[12]    ; output[12]  ; 12.516 ; 12.516 ; 12.516 ; 12.516 ;
; in6[13]    ; output[13]  ; 11.688 ; 11.688 ; 11.688 ; 11.688 ;
; in6[14]    ; output[14]  ; 7.692  ; 7.692  ; 7.692  ; 7.692  ;
; in6[15]    ; output[15]  ; 12.454 ; 12.454 ; 12.454 ; 12.454 ;
; in7[0]     ; output[0]   ; 10.762 ;        ;        ; 10.762 ;
; in7[1]     ; output[1]   ; 11.550 ;        ;        ; 11.550 ;
; in7[2]     ; output[2]   ; 11.379 ;        ;        ; 11.379 ;
; in7[3]     ; output[3]   ; 11.337 ;        ;        ; 11.337 ;
; in7[4]     ; output[4]   ; 11.260 ;        ;        ; 11.260 ;
; in7[5]     ; output[5]   ; 13.932 ;        ;        ; 13.932 ;
; in7[6]     ; output[6]   ; 11.487 ;        ;        ; 11.487 ;
; in7[7]     ; output[7]   ; 12.191 ;        ;        ; 12.191 ;
; in7[8]     ; output[8]   ; 12.737 ;        ;        ; 12.737 ;
; in7[9]     ; output[9]   ; 11.386 ;        ;        ; 11.386 ;
; in7[10]    ; output[10]  ; 11.965 ;        ;        ; 11.965 ;
; in7[11]    ; output[11]  ; 11.502 ;        ;        ; 11.502 ;
; in7[12]    ; output[12]  ; 11.947 ;        ;        ; 11.947 ;
; in7[13]    ; output[13]  ; 12.225 ;        ;        ; 12.225 ;
; in7[14]    ; output[14]  ; 6.172  ;        ;        ; 6.172  ;
; in7[15]    ; output[15]  ; 11.115 ;        ;        ; 11.115 ;
+------------+-------------+--------+--------+--------+--------+


+----------------------------------------------------------+
; Minimum Progagation Delay                                ;
+------------+-------------+-------+-------+-------+-------+
; Input Port ; Output Port ; RR    ; RF    ; FR    ; FF    ;
+------------+-------------+-------+-------+-------+-------+
; choice[0]  ; output[0]   ; 2.725 ; 2.725 ; 2.725 ; 2.725 ;
; choice[0]  ; output[1]   ; 2.954 ; 2.954 ; 2.954 ; 2.954 ;
; choice[0]  ; output[2]   ; 2.860 ; 2.860 ; 2.860 ; 2.860 ;
; choice[0]  ; output[3]   ; 3.484 ; 3.484 ; 3.484 ; 3.484 ;
; choice[0]  ; output[4]   ; 3.005 ; 3.005 ; 3.005 ; 3.005 ;
; choice[0]  ; output[5]   ; 3.780 ; 3.780 ; 3.780 ; 3.780 ;
; choice[0]  ; output[6]   ; 3.216 ; 3.216 ; 3.216 ; 3.216 ;
; choice[0]  ; output[7]   ; 3.508 ; 3.508 ; 3.508 ; 3.508 ;
; choice[0]  ; output[8]   ; 4.074 ; 4.074 ; 4.074 ; 4.074 ;
; choice[0]  ; output[9]   ; 3.045 ; 3.045 ; 3.045 ; 3.045 ;
; choice[0]  ; output[10]  ; 3.495 ; 3.495 ; 3.495 ; 3.495 ;
; choice[0]  ; output[11]  ; 3.344 ; 3.344 ; 3.344 ; 3.344 ;
; choice[0]  ; output[12]  ; 3.425 ; 3.425 ; 3.425 ; 3.425 ;
; choice[0]  ; output[13]  ; 3.375 ; 3.375 ; 3.375 ; 3.375 ;
; choice[0]  ; output[14]  ; 3.132 ; 3.132 ; 3.132 ; 3.132 ;
; choice[0]  ; output[15]  ; 3.350 ; 3.350 ; 3.350 ; 3.350 ;
; choice[1]  ; output[0]   ; 2.766 ; 2.766 ; 2.766 ; 2.766 ;
; choice[1]  ; output[1]   ; 2.852 ; 2.852 ; 2.852 ; 2.852 ;
; choice[1]  ; output[2]   ; 2.801 ; 2.801 ; 2.801 ; 2.801 ;
; choice[1]  ; output[3]   ; 3.311 ; 3.311 ; 3.311 ; 3.311 ;
; choice[1]  ; output[4]   ; 3.020 ; 3.020 ; 3.020 ; 3.020 ;
; choice[1]  ; output[5]   ; 3.516 ; 3.516 ; 3.516 ; 3.516 ;
; choice[1]  ; output[6]   ; 3.080 ; 3.080 ; 3.080 ; 3.080 ;
; choice[1]  ; output[7]   ; 3.456 ; 3.456 ; 3.456 ; 3.456 ;
; choice[1]  ; output[8]   ; 4.301 ; 4.301 ; 4.301 ; 4.301 ;
; choice[1]  ; output[9]   ; 3.194 ; 3.194 ; 3.194 ; 3.194 ;
; choice[1]  ; output[10]  ; 3.461 ; 3.461 ; 3.461 ; 3.461 ;
; choice[1]  ; output[11]  ; 3.253 ; 3.253 ; 3.253 ; 3.253 ;
; choice[1]  ; output[12]  ; 3.513 ; 3.513 ; 3.513 ; 3.513 ;
; choice[1]  ; output[13]  ; 3.381 ; 3.381 ; 3.381 ; 3.381 ;
; choice[1]  ; output[14]  ; 3.195 ; 3.195 ; 3.195 ; 3.195 ;
; choice[1]  ; output[15]  ; 3.365 ; 3.365 ; 3.365 ; 3.365 ;
; choice[2]  ; output[0]   ; 5.243 ; 5.243 ; 5.243 ; 5.243 ;
; choice[2]  ; output[1]   ; 5.359 ; 5.359 ; 5.359 ; 5.359 ;
; choice[2]  ; output[2]   ; 5.382 ; 5.382 ; 5.382 ; 5.382 ;
; choice[2]  ; output[3]   ; 5.744 ; 5.744 ; 5.744 ; 5.744 ;
; choice[2]  ; output[4]   ; 5.578 ; 5.578 ; 5.578 ; 5.578 ;
; choice[2]  ; output[5]   ; 5.650 ; 5.650 ; 5.650 ; 5.650 ;
; choice[2]  ; output[6]   ; 5.526 ; 5.526 ; 5.526 ; 5.526 ;
; choice[2]  ; output[7]   ; 5.663 ; 5.663 ; 5.663 ; 5.663 ;
; choice[2]  ; output[8]   ; 6.154 ; 6.154 ; 6.154 ; 6.154 ;
; choice[2]  ; output[9]   ; 5.146 ; 5.146 ; 5.146 ; 5.146 ;
; choice[2]  ; output[10]  ; 5.541 ; 5.541 ; 5.541 ; 5.541 ;
; choice[2]  ; output[11]  ; 5.119 ; 5.119 ; 5.119 ; 5.119 ;
; choice[2]  ; output[12]  ; 5.647 ; 5.647 ; 5.647 ; 5.647 ;
; choice[2]  ; output[13]  ; 5.340 ; 5.340 ; 5.340 ; 5.340 ;
; choice[2]  ; output[14]  ; 5.034 ; 5.034 ; 5.034 ; 5.034 ;
; choice[2]  ; output[15]  ; 5.133 ; 5.133 ; 5.133 ; 5.133 ;
; in0[0]     ; output[0]   ; 5.309 ; 5.309 ; 5.309 ; 5.309 ;
; in0[1]     ; output[1]   ; 5.329 ; 5.329 ; 5.329 ; 5.329 ;
; in0[2]     ; output[2]   ; 5.402 ; 5.402 ; 5.402 ; 5.402 ;
; in0[3]     ; output[3]   ; 6.312 ; 6.312 ; 6.312 ; 6.312 ;
; in0[4]     ; output[4]   ; 5.572 ; 5.572 ; 5.572 ; 5.572 ;
; in0[5]     ; output[5]   ; 5.973 ; 5.973 ; 5.973 ; 5.973 ;
; in0[6]     ; output[6]   ; 5.508 ; 5.508 ; 5.508 ; 5.508 ;
; in0[7]     ; output[7]   ; 5.656 ; 5.656 ; 5.656 ; 5.656 ;
; in0[8]     ; output[8]   ; 6.512 ; 6.512 ; 6.512 ; 6.512 ;
; in0[9]     ; output[9]   ; 5.513 ; 5.513 ; 5.513 ; 5.513 ;
; in0[10]    ; output[10]  ; 5.960 ; 5.960 ; 5.960 ; 5.960 ;
; in0[11]    ; output[11]  ; 5.524 ; 5.524 ; 5.524 ; 5.524 ;
; in0[12]    ; output[12]  ; 5.845 ; 5.845 ; 5.845 ; 5.845 ;
; in0[13]    ; output[13]  ; 5.512 ; 5.512 ; 5.512 ; 5.512 ;
; in0[14]    ; output[14]  ; 5.488 ; 5.488 ; 5.488 ; 5.488 ;
; in0[15]    ; output[15]  ; 5.478 ; 5.478 ; 5.478 ; 5.478 ;
; in1[0]     ; output[0]   ; 5.256 ; 5.256 ; 5.256 ; 5.256 ;
; in1[1]     ; output[1]   ; 5.302 ; 5.302 ; 5.302 ; 5.302 ;
; in1[2]     ; output[2]   ; 5.601 ; 5.601 ; 5.601 ; 5.601 ;
; in1[3]     ; output[3]   ; 6.107 ; 6.107 ; 6.107 ; 6.107 ;
; in1[4]     ; output[4]   ; 5.442 ; 5.442 ; 5.442 ; 5.442 ;
; in1[5]     ; output[5]   ; 5.884 ; 5.884 ; 5.884 ; 5.884 ;
; in1[6]     ; output[6]   ; 5.644 ; 5.644 ; 5.644 ; 5.644 ;
; in1[7]     ; output[7]   ; 5.766 ; 5.766 ; 5.766 ; 5.766 ;
; in1[8]     ; output[8]   ; 6.719 ; 6.719 ; 6.719 ; 6.719 ;
; in1[9]     ; output[9]   ; 5.175 ; 5.175 ; 5.175 ; 5.175 ;
; in1[10]    ; output[10]  ; 5.707 ; 5.707 ; 5.707 ; 5.707 ;
; in1[11]    ; output[11]  ; 5.295 ; 5.295 ; 5.295 ; 5.295 ;
; in1[12]    ; output[12]  ; 5.899 ; 5.899 ; 5.899 ; 5.899 ;
; in1[13]    ; output[13]  ; 5.587 ; 5.587 ; 5.587 ; 5.587 ;
; in1[14]    ; output[14]  ; 5.155 ; 5.155 ; 5.155 ; 5.155 ;
; in1[15]    ; output[15]  ; 5.428 ; 5.428 ; 5.428 ; 5.428 ;
; in2[0]     ; output[0]   ; 5.157 ;       ;       ; 5.157 ;
; in2[1]     ; output[1]   ; 4.982 ;       ;       ; 4.982 ;
; in2[2]     ; output[2]   ; 5.138 ;       ;       ; 5.138 ;
; in2[3]     ; output[3]   ; 5.520 ;       ;       ; 5.520 ;
; in2[4]     ; output[4]   ; 5.180 ;       ;       ; 5.180 ;
; in2[5]     ; output[5]   ; 5.636 ;       ;       ; 5.636 ;
; in2[6]     ; output[6]   ; 5.367 ;       ;       ; 5.367 ;
; in2[7]     ; output[7]   ; 5.817 ;       ;       ; 5.817 ;
; in2[8]     ; output[8]   ; 6.697 ;       ;       ; 6.697 ;
; in2[9]     ; output[9]   ; 5.141 ;       ;       ; 5.141 ;
; in2[10]    ; output[10]  ; 5.283 ;       ;       ; 5.283 ;
; in2[11]    ; output[11]  ; 5.099 ;       ;       ; 5.099 ;
; in2[12]    ; output[12]  ; 5.827 ;       ;       ; 5.827 ;
; in2[13]    ; output[13]  ; 5.353 ;       ;       ; 5.353 ;
; in2[14]    ; output[14]  ; 2.691 ;       ;       ; 2.691 ;
; in2[15]    ; output[15]  ; 5.165 ;       ;       ; 5.165 ;
; in3[0]     ; output[0]   ; 5.126 ;       ;       ; 5.126 ;
; in3[1]     ; output[1]   ; 4.992 ;       ;       ; 4.992 ;
; in3[2]     ; output[2]   ; 5.139 ;       ;       ; 5.139 ;
; in3[3]     ; output[3]   ; 5.487 ;       ;       ; 5.487 ;
; in3[4]     ; output[4]   ; 5.285 ;       ;       ; 5.285 ;
; in3[5]     ; output[5]   ; 5.586 ;       ;       ; 5.586 ;
; in3[6]     ; output[6]   ; 5.550 ;       ;       ; 5.550 ;
; in3[7]     ; output[7]   ; 5.389 ;       ;       ; 5.389 ;
; in3[8]     ; output[8]   ; 6.484 ;       ;       ; 6.484 ;
; in3[9]     ; output[9]   ; 5.242 ;       ;       ; 5.242 ;
; in3[10]    ; output[10]  ; 5.336 ;       ;       ; 5.336 ;
; in3[11]    ; output[11]  ; 5.048 ;       ;       ; 5.048 ;
; in3[12]    ; output[12]  ; 5.641 ;       ;       ; 5.641 ;
; in3[13]    ; output[13]  ; 5.209 ;       ;       ; 5.209 ;
; in3[14]    ; output[14]  ; 5.135 ;       ;       ; 5.135 ;
; in3[15]    ; output[15]  ; 5.177 ;       ;       ; 5.177 ;
; in4[0]     ; output[0]   ; 2.891 ; 2.891 ; 2.891 ; 2.891 ;
; in4[1]     ; output[1]   ; 5.270 ; 5.270 ; 5.270 ; 5.270 ;
; in4[2]     ; output[2]   ; 5.557 ; 5.557 ; 5.557 ; 5.557 ;
; in4[3]     ; output[3]   ; 5.783 ; 5.783 ; 5.783 ; 5.783 ;
; in4[4]     ; output[4]   ; 5.338 ; 5.338 ; 5.338 ; 5.338 ;
; in4[5]     ; output[5]   ; 6.499 ; 6.499 ; 6.499 ; 6.499 ;
; in4[6]     ; output[6]   ; 5.458 ; 5.458 ; 5.458 ; 5.458 ;
; in4[7]     ; output[7]   ; 5.832 ; 5.832 ; 5.832 ; 5.832 ;
; in4[8]     ; output[8]   ; 6.466 ; 6.466 ; 6.466 ; 6.466 ;
; in4[9]     ; output[9]   ; 5.260 ; 5.260 ; 5.260 ; 5.260 ;
; in4[10]    ; output[10]  ; 5.579 ; 5.579 ; 5.579 ; 5.579 ;
; in4[11]    ; output[11]  ; 5.396 ; 5.396 ; 5.396 ; 5.396 ;
; in4[12]    ; output[12]  ; 5.838 ; 5.838 ; 5.838 ; 5.838 ;
; in4[13]    ; output[13]  ; 5.710 ; 5.710 ; 5.710 ; 5.710 ;
; in4[14]    ; output[14]  ; 2.962 ; 2.962 ; 2.962 ; 2.962 ;
; in4[15]    ; output[15]  ; 5.433 ; 5.433 ; 5.433 ; 5.433 ;
; in5[0]     ; output[0]   ; 4.903 ;       ;       ; 4.903 ;
; in5[1]     ; output[1]   ; 5.155 ;       ;       ; 5.155 ;
; in5[2]     ; output[2]   ; 5.052 ;       ;       ; 5.052 ;
; in5[3]     ; output[3]   ; 5.362 ;       ;       ; 5.362 ;
; in5[4]     ; output[4]   ; 5.163 ;       ;       ; 5.163 ;
; in5[5]     ; output[5]   ; 6.226 ;       ;       ; 6.226 ;
; in5[6]     ; output[6]   ; 5.311 ;       ;       ; 5.311 ;
; in5[7]     ; output[7]   ; 5.939 ;       ;       ; 5.939 ;
; in5[8]     ; output[8]   ; 6.224 ;       ;       ; 6.224 ;
; in5[9]     ; output[9]   ; 5.142 ;       ;       ; 5.142 ;
; in5[10]    ; output[10]  ; 5.229 ;       ;       ; 5.229 ;
; in5[11]    ; output[11]  ; 5.282 ;       ;       ; 5.282 ;
; in5[12]    ; output[12]  ; 5.412 ;       ;       ; 5.412 ;
; in5[13]    ; output[13]  ; 5.345 ;       ;       ; 5.345 ;
; in5[14]    ; output[14]  ; 4.886 ;       ;       ; 4.886 ;
; in5[15]    ; output[15]  ; 5.259 ;       ;       ; 5.259 ;
; in6[0]     ; output[0]   ; 2.803 ; 2.803 ; 2.803 ; 2.803 ;
; in6[1]     ; output[1]   ; 5.387 ; 5.387 ; 5.387 ; 5.387 ;
; in6[2]     ; output[2]   ; 5.512 ; 5.512 ; 5.512 ; 5.512 ;
; in6[3]     ; output[3]   ; 5.695 ; 5.695 ; 5.695 ; 5.695 ;
; in6[4]     ; output[4]   ; 5.345 ; 5.345 ; 5.345 ; 5.345 ;
; in6[5]     ; output[5]   ; 6.704 ; 6.704 ; 6.704 ; 6.704 ;
; in6[6]     ; output[6]   ; 5.199 ; 5.199 ; 5.199 ; 5.199 ;
; in6[7]     ; output[7]   ; 5.800 ; 5.800 ; 5.800 ; 5.800 ;
; in6[8]     ; output[8]   ; 6.264 ; 6.264 ; 6.264 ; 6.264 ;
; in6[9]     ; output[9]   ; 5.387 ; 5.387 ; 5.387 ; 5.387 ;
; in6[10]    ; output[10]  ; 5.451 ; 5.451 ; 5.451 ; 5.451 ;
; in6[11]    ; output[11]  ; 5.346 ; 5.346 ; 5.346 ; 5.346 ;
; in6[12]    ; output[12]  ; 5.712 ; 5.712 ; 5.712 ; 5.712 ;
; in6[13]    ; output[13]  ; 5.370 ; 5.370 ; 5.370 ; 5.370 ;
; in6[14]    ; output[14]  ; 3.118 ; 3.118 ; 3.118 ; 3.118 ;
; in6[15]    ; output[15]  ; 5.561 ; 5.561 ; 5.561 ; 5.561 ;
; in7[0]     ; output[0]   ; 4.995 ;       ;       ; 4.995 ;
; in7[1]     ; output[1]   ; 5.254 ;       ;       ; 5.254 ;
; in7[2]     ; output[2]   ; 5.207 ;       ;       ; 5.207 ;
; in7[3]     ; output[3]   ; 5.260 ;       ;       ; 5.260 ;
; in7[4]     ; output[4]   ; 5.176 ;       ;       ; 5.176 ;
; in7[5]     ; output[5]   ; 6.250 ;       ;       ; 6.250 ;
; in7[6]     ; output[6]   ; 5.274 ;       ;       ; 5.274 ;
; in7[7]     ; output[7]   ; 5.668 ;       ;       ; 5.668 ;
; in7[8]     ; output[8]   ; 5.894 ;       ;       ; 5.894 ;
; in7[9]     ; output[9]   ; 5.204 ;       ;       ; 5.204 ;
; in7[10]    ; output[10]  ; 5.478 ;       ;       ; 5.478 ;
; in7[11]    ; output[11]  ; 5.225 ;       ;       ; 5.225 ;
; in7[12]    ; output[12]  ; 5.529 ;       ;       ; 5.529 ;
; in7[13]    ; output[13]  ; 5.547 ;       ;       ; 5.547 ;
; in7[14]    ; output[14]  ; 2.623 ;       ;       ; 2.623 ;
; in7[15]    ; output[15]  ; 5.126 ;       ;       ; 5.126 ;
+------------+-------------+-------+-------+-------+-------+


-------------------
; Clock Transfers ;
-------------------
Nothing to report.


---------------
; Report TCCS ;
---------------
No dedicated SERDES Transmitter circuitry present in device or used in design


---------------
; Report RSKM ;
---------------
No dedicated SERDES Receiver circuitry present in device or used in design


+------------------------------------------------+
; Unconstrained Paths                            ;
+---------------------------------+-------+------+
; Property                        ; Setup ; Hold ;
+---------------------------------+-------+------+
; Illegal Clocks                  ; 0     ; 0    ;
; Unconstrained Clocks            ; 0     ; 0    ;
; Unconstrained Input Ports       ; 131   ; 131  ;
; Unconstrained Input Port Paths  ; 176   ; 176  ;
; Unconstrained Output Ports      ; 16    ; 16   ;
; Unconstrained Output Port Paths ; 176   ; 176  ;
+---------------------------------+-------+------+


+------------------------------------+
; TimeQuest Timing Analyzer Messages ;
+------------------------------------+
Info: *******************************************************************
Info: Running Quartus II 64-Bit TimeQuest Timing Analyzer
    Info: Version 13.0.1 Build 232 06/12/2013 Service Pack 1 SJ Web Edition
    Info: Processing started: Thu May 27 17:05:18 2021
Info: Command: quartus_sta mux8to1 -c mux8to1
Info: qsta_default_script.tcl version: #1
Warning (20028): Parallel compilation is not licensed and has been disabled
Info (21077): Low junction temperature is -40 degrees C
Info (21077): High junction temperature is 125 degrees C
Critical Warning (332012): Synopsys Design Constraints File file not found: 'mux8to1.sdc'. A Synopsys Design Constraints File is required by the TimeQuest Timing Analyzer to get proper timing constraints. Without it, the Compiler will not properly optimize the design.
Info (332142): No user constrained base clocks found in the design. Calling "derive_clocks -period 1.0"
Info (332096): The command derive_clocks did not find any clocks to derive.  No clocks were created or changed.
Warning (332068): No clocks defined in design.
Info: Found TIMEQUEST_REPORT_SCRIPT_INCLUDE_DEFAULT_ANALYSIS = ON
Info (332159): No clocks to report
Info: Analyzing Slow Model
Info (332140): No fmax paths to report
Info (332140): No Setup paths to report
Info (332140): No Hold paths to report
Info (332140): No Recovery paths to report
Info (332140): No Removal paths to report
Info (332140): No Minimum Pulse Width paths to report
Info (332001): The selected device family is not supported by the report_metastability command.
Info: Analyzing Fast Model
Info (332142): No user constrained base clocks found in the design. Calling "derive_clocks -period 1.0"
Info (332096): The command derive_clocks did not find any clocks to derive.  No clocks were created or changed.
Warning (332068): No clocks defined in design.
Info (332140): No Setup paths to report
Info (332140): No Hold paths to report
Info (332140): No Recovery paths to report
Info (332140): No Removal paths to report
Info (332140): No Minimum Pulse Width paths to report
Info (332001): The selected device family is not supported by the report_metastability command.
Info (332102): Design is not fully constrained for setup requirements
Info (332102): Design is not fully constrained for hold requirements
Info: Quartus II 64-Bit TimeQuest Timing Analyzer was successful. 0 errors, 4 warnings
    Info: Peak virtual memory: 4547 megabytes
    Info: Processing ended: Thu May 27 17:05:19 2021
    Info: Elapsed time: 00:00:01
    Info: Total CPU time (on all processors): 00:00:01


